Archive member included to satisfy reference by file (symbol)

C:/ST/STM32CubeIDE_1.17.0/STM32CubeIDE/plugins/com.st.stm32cube.ide.mcu.externaltools.gnu-tools-for-stm32.12.3.rel1.win32_1.1.0.202410251130/tools/bin/../lib/gcc/arm-none-eabi/12.3.1/../../../../arm-none-eabi/lib/thumb/v6-m/nofp\libc_nano.a(libc_a-exit.o)
                              C:/ST/STM32CubeIDE_1.17.0/STM32CubeIDE/plugins/com.st.stm32cube.ide.mcu.externaltools.gnu-tools-for-stm32.12.3.rel1.win32_1.1.0.202410251130/tools/bin/../lib/gcc/arm-none-eabi/12.3.1/../../../../arm-none-eabi/lib/thumb/v6-m/nofp/crt0.o (exit)
C:/ST/STM32CubeIDE_1.17.0/STM32CubeIDE/plugins/com.st.stm32cube.ide.mcu.externaltools.gnu-tools-for-stm32.12.3.rel1.win32_1.1.0.202410251130/tools/bin/../lib/gcc/arm-none-eabi/12.3.1/../../../../arm-none-eabi/lib/thumb/v6-m/nofp\libc_nano.a(libc_a-malloc.o)
                              ./Core/Src/FIFO.o (malloc)
C:/ST/STM32CubeIDE_1.17.0/STM32CubeIDE/plugins/com.st.stm32cube.ide.mcu.externaltools.gnu-tools-for-stm32.12.3.rel1.win32_1.1.0.202410251130/tools/bin/../lib/gcc/arm-none-eabi/12.3.1/../../../../arm-none-eabi/lib/thumb/v6-m/nofp\libc_nano.a(libc_a-mallocr.o)
                              C:/ST/STM32CubeIDE_1.17.0/STM32CubeIDE/plugins/com.st.stm32cube.ide.mcu.externaltools.gnu-tools-for-stm32.12.3.rel1.win32_1.1.0.202410251130/tools/bin/../lib/gcc/arm-none-eabi/12.3.1/../../../../arm-none-eabi/lib/thumb/v6-m/nofp\libc_nano.a(libc_a-malloc.o) (_malloc_r)
C:/ST/STM32CubeIDE_1.17.0/STM32CubeIDE/plugins/com.st.stm32cube.ide.mcu.externaltools.gnu-tools-for-stm32.12.3.rel1.win32_1.1.0.202410251130/tools/bin/../lib/gcc/arm-none-eabi/12.3.1/../../../../arm-none-eabi/lib/thumb/v6-m/nofp\libc_nano.a(libc_a-mlock.o)
                              C:/ST/STM32CubeIDE_1.17.0/STM32CubeIDE/plugins/com.st.stm32cube.ide.mcu.externaltools.gnu-tools-for-stm32.12.3.rel1.win32_1.1.0.202410251130/tools/bin/../lib/gcc/arm-none-eabi/12.3.1/../../../../arm-none-eabi/lib/thumb/v6-m/nofp\libc_nano.a(libc_a-mallocr.o) (__malloc_lock)
C:/ST/STM32CubeIDE_1.17.0/STM32CubeIDE/plugins/com.st.stm32cube.ide.mcu.externaltools.gnu-tools-for-stm32.12.3.rel1.win32_1.1.0.202410251130/tools/bin/../lib/gcc/arm-none-eabi/12.3.1/../../../../arm-none-eabi/lib/thumb/v6-m/nofp\libc_nano.a(libc_a-findfp.o)
                              C:/ST/STM32CubeIDE_1.17.0/STM32CubeIDE/plugins/com.st.stm32cube.ide.mcu.externaltools.gnu-tools-for-stm32.12.3.rel1.win32_1.1.0.202410251130/tools/bin/../lib/gcc/arm-none-eabi/12.3.1/../../../../arm-none-eabi/lib/thumb/v6-m/nofp\libc_nano.a(libc_a-exit.o) (__stdio_exit_handler)
C:/ST/STM32CubeIDE_1.17.0/STM32CubeIDE/plugins/com.st.stm32cube.ide.mcu.externaltools.gnu-tools-for-stm32.12.3.rel1.win32_1.1.0.202410251130/tools/bin/../lib/gcc/arm-none-eabi/12.3.1/../../../../arm-none-eabi/lib/thumb/v6-m/nofp\libc_nano.a(libc_a-fwalk.o)
                              C:/ST/STM32CubeIDE_1.17.0/STM32CubeIDE/plugins/com.st.stm32cube.ide.mcu.externaltools.gnu-tools-for-stm32.12.3.rel1.win32_1.1.0.202410251130/tools/bin/../lib/gcc/arm-none-eabi/12.3.1/../../../../arm-none-eabi/lib/thumb/v6-m/nofp\libc_nano.a(libc_a-findfp.o) (_fwalk_sglue)
C:/ST/STM32CubeIDE_1.17.0/STM32CubeIDE/plugins/com.st.stm32cube.ide.mcu.externaltools.gnu-tools-for-stm32.12.3.rel1.win32_1.1.0.202410251130/tools/bin/../lib/gcc/arm-none-eabi/12.3.1/../../../../arm-none-eabi/lib/thumb/v6-m/nofp\libc_nano.a(libc_a-sprintf.o)
                              ./Core/Src/COMM.o (sprintf)
C:/ST/STM32CubeIDE_1.17.0/STM32CubeIDE/plugins/com.st.stm32cube.ide.mcu.externaltools.gnu-tools-for-stm32.12.3.rel1.win32_1.1.0.202410251130/tools/bin/../lib/gcc/arm-none-eabi/12.3.1/../../../../arm-none-eabi/lib/thumb/v6-m/nofp\libc_nano.a(libc_a-stdio.o)
                              C:/ST/STM32CubeIDE_1.17.0/STM32CubeIDE/plugins/com.st.stm32cube.ide.mcu.externaltools.gnu-tools-for-stm32.12.3.rel1.win32_1.1.0.202410251130/tools/bin/../lib/gcc/arm-none-eabi/12.3.1/../../../../arm-none-eabi/lib/thumb/v6-m/nofp\libc_nano.a(libc_a-findfp.o) (__sread)
C:/ST/STM32CubeIDE_1.17.0/STM32CubeIDE/plugins/com.st.stm32cube.ide.mcu.externaltools.gnu-tools-for-stm32.12.3.rel1.win32_1.1.0.202410251130/tools/bin/../lib/gcc/arm-none-eabi/12.3.1/../../../../arm-none-eabi/lib/thumb/v6-m/nofp\libc_nano.a(libc_a-memset.o)
                              C:/ST/STM32CubeIDE_1.17.0/STM32CubeIDE/plugins/com.st.stm32cube.ide.mcu.externaltools.gnu-tools-for-stm32.12.3.rel1.win32_1.1.0.202410251130/tools/bin/../lib/gcc/arm-none-eabi/12.3.1/../../../../arm-none-eabi/lib/thumb/v6-m/nofp/crt0.o (memset)
C:/ST/STM32CubeIDE_1.17.0/STM32CubeIDE/plugins/com.st.stm32cube.ide.mcu.externaltools.gnu-tools-for-stm32.12.3.rel1.win32_1.1.0.202410251130/tools/bin/../lib/gcc/arm-none-eabi/12.3.1/../../../../arm-none-eabi/lib/thumb/v6-m/nofp\libc_nano.a(libc_a-closer.o)
[...]
Memory Configuration

Name             Origin             Length             Attributes
RAM              0x20000000         0x00006000         xrw
FLASH            0x10040000         0x0002f000         xr
REGION_NVM       0x1006f000         0x00001000         xr
REGION_ROM       0x10000000         0x00001800         xr
*default*        0x00000000         0xffffffff

Linker script and memory map

LOAD C:/ST/STM32CubeIDE_1.17.0/STM32CubeIDE/plugins/com.st.stm32cube.ide.mcu.externaltools.gnu-tools-for-stm32.12.3.rel1.win32_1.1.0.202410251130/tools/bin/../lib/gcc/arm-none-eabi/12.3.1/thumb/v6-m/nofp/crti.o
LOAD C:/ST/STM32CubeIDE_1.17.0/STM32CubeIDE/plugins/com.st.stm32cube.ide.mcu.externaltools.gnu-tools-for-stm32.12.3.rel1.win32_1.1.0.202410251130/tools/bin/../lib/gcc/arm-none-eabi/12.3.1/thumb/v6-m/nofp/crtbegin.o
LOAD C:/ST/STM32CubeIDE_1.17.0/STM32CubeIDE/plugins/com.st.stm32cube.ide.mcu.externaltools.gnu-tools-for-stm32.12.3.rel1.win32_1.1.0.202410251130/tools/bin/../lib/gcc/arm-none-eabi/12.3.1/../../../../arm-none-eabi/lib/thumb/v6-m/nofp/crt0.o
LOAD ./Core/Src/BLUETOOTH.o
LOAD ./Core/Src/BOARD.o
LOAD ./Core/Src/COMM.o
LOAD ./Core/Src/DiscountIO.o
LOAD ./Core/Src/FIFO.o
LOAD ./Core/Src/FLASH.o
LOAD ./Core/Src/GPIO.o
LOAD ./Core/Src/I2C.o
LOAD ./Core/Src/Main.o
LOAD ./Core/Src/TIMERS.o
LOAD ./Core/Src/UART.o
LOAD ./Core/Src/blue_unit_conversion.o
LOAD ./Core/Src/mainunused.o
LOAD ./Core/Src/stm32wb0x_hal_msp.o
LOAD ./Core/Src/stm32wb0x_it.o
LOAD ./Core/Src/syscalls.o
LOAD ./Core/Src/sysmem.o
LOAD ./Core/Src/system_stm32wb0x.o
LOAD ./Core/Startup/startup_stm32wb05kzvx.o
LOAD ./Drivers/BSP/STM32WB0x-nucleo/stm32wb0x_nucleo.o
LOAD ./Drivers/STM32WB0x_HAL_Driver/Src/stm32wb0x_hal.o
LOAD ./Drivers/STM32WB0x_HAL_Driver/Src/stm32wb0x_hal_cortex.o
LOAD ./Drivers/STM32WB0x_HAL_Driver/Src/stm32wb0x_hal_dma.o
LOAD ./Drivers/STM32WB0x_HAL_Driver/Src/stm32wb0x_hal_flash.o
LOAD ./Drivers/STM32WB0x_HAL_Driver/Src/stm32wb0x_hal_flash_ex.o
LOAD ./Drivers/STM32WB0x_HAL_Driver/Src/stm32wb0x_hal_gpio.o
LOAD ./Drivers/STM32WB0x_HAL_Driver/Src/stm32wb0x_hal_i2c.o
LOAD ./Drivers/STM32WB0x_HAL_Driver/Src/stm32wb0x_hal_i2c_ex.o
LOAD ./Drivers/STM32WB0x_HAL_Driver/Src/stm32wb0x_hal_pwr.o
LOAD ./Drivers/STM32WB0x_HAL_Driver/Src/stm32wb0x_hal_pwr_ex.o
LOAD ./Drivers/STM32WB0x_HAL_Driver/Src/stm32wb0x_hal_radio.o
LOAD ./Drivers/STM32WB0x_HAL_Driver/Src/stm32wb0x_hal_radio_timer.o
LOAD ./Drivers/STM32WB0x_HAL_Driver/Src/stm32wb0x_hal_rcc.o
LOAD ./Drivers/STM32WB0x_HAL_Driver/Src/stm32wb0x_hal_rcc_ex.o
LOAD ./Drivers/STM32WB0x_HAL_Driver/Src/stm32wb0x_hal_tim.o
LOAD ./Drivers/STM32WB0x_HAL_Driver/Src/stm32wb0x_hal_tim_ex.o
LOAD ./Drivers/STM32WB0x_HAL_Driver/Src/stm32wb0x_hal_uart.o
LOAD ./Drivers/STM32WB0x_HAL_Driver/Src/stm32wb0x_hal_uart_ex.o
LOAD ./Drivers/STM32WB0x_HAL_Driver/Src/stm32wb0x_hal_usart.o
LOAD ./Drivers/STM32WB0x_HAL_Driver/Src/stm32wb0x_hal_usart_ex.o
START GROUP
LOAD C:/ST/STM32CubeIDE_1.17.0/STM32CubeIDE/plugins/com.st.stm32cube.ide.mcu.externaltools.gnu-tools-for-stm32.12.3.rel1.win32_1.1.0.202410251130/tools/bin/../lib/gcc/arm-none-eabi/12.3.1/../../../../arm-none-eabi/lib/thumb/v6-m/nofp\libc_nano.a
LOAD C:/ST/STM32CubeIDE_1.17.0/STM32CubeIDE/plugins/com.st.stm32cube.ide.mcu.externaltools.gnu-tools-for-stm32.12.3.rel1.win32_1.1.0.202410251130/tools/bin/../lib/gcc/arm-none-eabi/12.3.1/../../../../arm-none-eabi/lib/thumb/v6-m/nofp\libm.a
END GROUP
START GROUP
LOAD C:/ST/STM32CubeIDE_1.17.0/STM32CubeIDE/plugins/com.st.stm32cube.ide.mcu.externaltools.gnu-tools-for-stm32.12.3.rel1.win32_1.1.0.202410251130/tools/bin/../lib/gcc/arm-none-eabi/12.3.1/thumb/v6-m/nofp\libgcc.a
LOAD C:/ST/STM32CubeIDE_1.17.0/STM32CubeIDE/plugins/com.st.stm32cube.ide.mcu.externaltools.gnu-tools-for-stm32.12.3.rel1.win32_1.1.0.202410251130/tools/bin/../lib/gcc/arm-none-eabi/12.3.1/../../../../arm-none-eabi/lib/thumb/v6-m/nofp\libc_nano.a
END GROUP
START GROUP
LOAD C:/ST/STM32CubeIDE_1.17.0/STM32CubeIDE/plugins/com.st.stm32cube.ide.mcu.externaltools.gnu-tools-for-stm32.12.3.rel1.win32_1.1.0.202410251130/tools/bin/../lib/gcc/arm-none-eabi/12.3.1/thumb/v6-m/nofp\libgcc.a
LOAD C:/ST/STM32CubeIDE_1.17.0/STM32CubeIDE/plugins/com.st.stm32cube.ide.mcu.externaltools.gnu-tools-for-stm32.12.3.rel1.win32_1.1.0.202410251130/tools/bin/../lib/gcc/arm-none-eabi/12.3.1/../../../../arm-none-eabi/lib/thumb/v6-m/nofp\libc_nano.a
LOAD C:/ST/STM32CubeIDE_1.17.0/STM32CubeIDE/plugins/com.st.stm32cube.ide.mcu.externaltools.gnu-tools-for-stm32.12.3.rel1.win32_1.1.0.202410251130/tools/bin/../lib/gcc/arm-none-eabi/12.3.1/../../../../arm-none-eabi/lib/thumb/v6-m/nofp\libnosys.a
END GROUP
START GROUP
LOAD C:/ST/STM32CubeIDE_1.17.0/STM32CubeIDE/plugins/com.st.stm32cube.ide.mcu.externaltools.gnu-tools-for-stm32.12.3.rel1.win32_1.1.0.202410251130/tools/bin/../lib/gcc/arm-none-eabi/12.3.1/thumb/v6-m/nofp\libgcc.a
LOAD C:/ST/STM32CubeIDE_1.17.0/STM32CubeIDE/plugins/com.st.stm32cube.ide.mcu.externaltools.gnu-tools-for-stm32.12.3.rel1.win32_1.1.0.202410251130/tools/bin/../lib/gcc/arm-none-eabi/12.3.1/../../../../arm-none-eabi/lib/thumb/v6-m/nofp\libc_nano.a
LOAD C:/ST/STM32CubeIDE_1.17.0/STM32CubeIDE/plugins/com.st.stm32cube.ide.mcu.externaltools.gnu-tools-for-stm32.12.3.rel1.win32_1.1.0.202410251130/tools/bin/../lib/gcc/arm-none-eabi/12.3.1/../../../../arm-none-eabi/lib/thumb/v6-m/nofp\libnosys.a
END GROUP
LOAD C:/ST/STM32CubeIDE_1.17.0/STM32CubeIDE/plugins/com.st.stm32cube.ide.mcu.externaltools.gnu-tools-for-stm32.12.3.rel1.win32_1.1.0.202410251130/tools/bin/../lib/gcc/arm-none-eabi/12.3.1/thumb/v6-m/nofp/crtend.o
LOAD C:/ST/STM32CubeIDE_1.17.0/STM32CubeIDE/plugins/com.st.stm32cube.ide.mcu.externaltools.gnu-tools-for-stm32.12.3.rel1.win32_1.1.0.202410251130/tools/bin/../lib/gcc/arm-none-eabi/12.3.1/thumb/v6-m/nofp/crtn.o
                0x20000000                        _MEMORY_RAM_BEGIN_ = 0x20000000
                0x00006000                        _MEMORY_RAM_SIZE_ = 0x6000
                0x20005fff                        _MEMORY_RAM_END_ = 0x20005fff
                0x10040000                        _MEMORY_FLASH_BEGIN_ = 0x10040000
                0x00030000                        _MEMORY_FLASH_SIZE_ = 0x30000
                0x1006ffff                        _MEMORY_FLASH_END_ = 0x1006ffff
                0x10000000                        _MEMORY_ROM_BEGIN_ = 0x10000000
                0x00001800                        _MEMORY_ROM_SIZE_ = 0x1800
                0x100017ff                        _MEMORY_ROM_END_ = 0x100017ff
                0x00001000                        FLASH_NVM_DATASIZE = 0x1000
                0x00000000                        MEMORY_FLASH_APP_OFFSET = DEFINED (MEMORY_FLASH_APP_OFFSET)?MEMORY_FLASH_APP_OFFSET:0x0
                0x0002f000                        MEMORY_FLASH_APP_SIZE = DEFINED (MEMORY_FLASH_APP_SIZE)?MEMORY_FLASH_APP_SIZE:((_MEMORY_FLASH_SIZE_ - FLASH_NVM_DATASIZE) - MEMORY_FLASH_APP_OFFSET)
                0x00000000                        _Min_Heap_Size = 0x0
                0x00000c00                        _Min_Stack_Size = 0xc00

.intvec         0x10040000       0xc0
                0x10040000                        . = ALIGN (0x4)
 *(.intvec)
 .intvec        0x10040000       0xc0 ./Core/Startup/startup_stm32wb05kzvx.o
                0x10040000                __vector_table
                0x100400c0                        . = ALIGN (0x4)

.text           0x100400c0     0x3d10
                0x100400c0                        . = ALIGN (0x4)
 *(TAG_OTA_START)
 *(.cmd_call_table)
 *(.text)
 .text          0x100400c0       0x44 ./Core/Src/blue_unit_conversion.o
                0x100400c0                blue_unit_conversion
 .text          0x10040104        0xe C:/ST/STM32CubeIDE_1.17.0/STM32CubeIDE/plugins/com.st.stm32cube.ide.mcu.externaltools.gnu-tools-for-stm32.12.3.rel1.win32_1.1.0.202410251130/tools/bin/../lib/gcc/arm-none-eabi/12.3.1/../../../../arm-none-eabi/lib/thumb/v6-m/nofp\libc_nano.a(libc_a-strlen.o)
                0x10040104                strlen
 *fill*         0x10040112        0x2 
 .text          0x10040114       0x14 C:/ST/STM32CubeIDE_1.17.0/STM32CubeIDE/plugins/com.st.stm32cube.ide.mcu.externaltools.gnu-tools-for-stm32.12.3.rel1.win32_1.1.0.202410251130/tools/bin/../lib/gcc/arm-none-eabi/12.3.1/thumb/v6-m/nofp\libgcc.a(_thumb1_case_uqi.o)
                0x10040114                __gnu_thumb1_case_uqi
 .text          0x10040128       0x14 C:/ST/STM32CubeIDE_1.17.0/STM32CubeIDE/plugins/com.st.stm32cube.ide.mcu.externaltools.gnu-tools-for-stm32.12.3.rel1.win32_1.1.0.202410251130/tools/bin/../lib/gcc/arm-none-eabi/12.3.1/thumb/v6-m/nofp\libgcc.a(_thumb1_case_shi.o)
                0x10040128                __gnu_thumb1_case_shi
 .text          0x1004013c      0x114 C:/ST/STM32CubeIDE_1.17.0/STM32CubeIDE/plugins/com.st.stm32cube.ide.mcu.externaltools.gnu-tools-for-stm32.12.3.rel1.win32_1.1.0.202410251130/tools/bin/../lib/gcc/arm-none-eabi/12.3.1/thumb/v6-m/nofp\libgcc.a(_udivsi3.o)
                0x1004013c                __aeabi_uidiv
                0x1004013c                __udivsi3
                0x10040248                __aeabi_uidivmod
 .text          0x10040250      0x1d4 C:/ST/STM32CubeIDE_1.17.0/STM32CubeIDE/plugins/com.st.stm32cube.ide.mcu.externaltools.gnu-tools-for-stm32.12.3.rel1.win32_1.1.0.202410251130/tools/bin/../lib/gcc/arm-none-eabi/12.3.1/thumb/v6-m/nofp\libgcc.a(_divsi3.o)
                0x10040250                __divsi3
                0x10040250                __aeabi_idiv
                0x1004041c                __aeabi_idivmod
 .text          0x10040424        0x4 C:/ST/STM32CubeIDE_1.17.0/STM32CubeIDE/plugins/com.st.stm32cube.ide.mcu.externaltools.gnu-tools-for-stm32.12.3.rel1.win32_1.1.0.202410251130/tools/bin/../lib/gcc/arm-none-eabi/12.3.1/thumb/v6-m/nofp\libgcc.a(_dvmd_tls.o)
                0x10040424                __aeabi_idiv0
                0x10040424                __aeabi_ldiv0
 .text          0x10040428       0x40 C:/ST/STM32CubeIDE_1.17.0/STM32CubeIDE/plugins/com.st.stm32cube.ide.mcu.externaltools.gnu-tools-for-stm32.12.3.rel1.win32_1.1.0.202410251130/tools/bin/../lib/gcc/arm-none-eabi/12.3.1/thumb/v6-m/nofp\libgcc.a(_aeabi_uldivmod.o)
                0x10040428                __aeabi_uldivmod
 .text          0x10040468      0x198 C:/ST/STM32CubeIDE_1.17.0/STM32CubeIDE/plugins/com.st.stm32cube.ide.mcu.externaltools.gnu-tools-for-stm32.12.3.rel1.win32_1.1.0.202410251130/tools/bin/../lib/gcc/arm-none-eabi/12.3.1/thumb/v6-m/nofp\libgcc.a(_udivmoddi4.o)
                0x10040468                __udivmoddi4
 .text          0x10040600       0x18 C:/ST/STM32CubeIDE_1.17.0/STM32CubeIDE/plugins/com.st.stm32cube.ide.mcu.externaltools.gnu-tools-for-stm32.12.3.rel1.win32_1.1.0.202410251130/tools/bin/../lib/gcc/arm-none-eabi/12.3.1/thumb/v6-m/nofp\libgcc.a(_clzdi2.o)
                0x10040600                __clzdi2
 .text          0x10040618       0x3c C:/ST/STM32CubeIDE_1.17.0/STM32CubeIDE/plugins/com.st.stm32cube.ide.mcu.externaltools.gnu-tools-for-stm32.12.3.rel1.win32_1.1.0.202410251130/tools/bin/../lib/gcc/arm-none-eabi/12.3.1/thumb/v6-m/nofp\libgcc.a(_clzsi2.o)
                0x10040618                __clzsi2
 *(.text*)
 .text.SystemClock_Config
                0x10040654       0x48 ./Core/Src/BOARD.o
                0x10040654                SystemClock_Config
 .text.PeriphCommonClock_Config
                0x1004069c       0x24 ./Core/Src/BOARD.o
                0x1004069c                PeriphCommonClock_Config
 .text.BOARD_Init
                0x100406c0       0x1c ./Core/Src/BOARD.o
                0x100406c0                BOARD_Init
 .text.BOARD_CrashHandler
                0x100406dc        0x4 ./Core/Src/BOARD.o
                0x100406dc                BOARD_CrashHandler
 .text.Error_Handler
                0x100406e0        0x4 ./Core/Src/BOARD.o
                0x100406e0                Error_Handler
 .text.COMM_Event_Post
                0x100406e4       0x14 ./Core/Src/COMM.o
                0x100406e4                COMM_Event_Post
 .text.COMM_Event_Init
                0x100406f8       0x28 ./Core/Src/COMM.o
                0x100406f8                COMM_Event_Init
 .text.COMM_Event_Updater
                0x10040720       0x64 ./Core/Src/COMM.o
                0x10040720                COMM_Event_Updater
 .text.COMM_Event_Handler
                0x10040784      0x208 ./Core/Src/COMM.o
                0x10040784                COMM_Event_Handler
 .text.discountprintf
                0x1004098c       0x1e ./Core/Src/DiscountIO.o
                0x1004098c                discountprintf
 .text.FIFO_Create
                0x100409aa       0x16 ./Core/Src/FIFO.o
                0x100409aa                FIFO_Create
 .text.FIFO_Enqueue
                0x100409c0       0x36 ./Core/Src/FIFO.o
                0x100409c0                FIFO_Enqueue
 .text.FIFO_Dequeue
                0x100409f6       0x48 ./Core/Src/FIFO.o
                0x100409f6                FIFO_Dequeue
 .text.FIFO_GetSize
                0x10040a3e        0xa ./Core/Src/FIFO.o
                0x10040a3e                FIFO_GetSize
 .text.GPIO_Init
                0x10040a48       0x6c ./Core/Src/GPIO.o
                0x10040a48                GPIO_Init
 .text.GPIO_ReadButtons
                0x10040ab4       0x3c ./Core/Src/GPIO.o
                0x10040ab4                GPIO_ReadButtons
 .text.GPIO_Event_Init
                0x10040af0       0x48 ./Core/Src/GPIO.o
                0x10040af0                GPIO_Event_Init
 .text.GPIO_Event_Updater
                0x10040b38       0x44 ./Core/Src/GPIO.o
                0x10040b38                GPIO_Event_Updater
 .text.GPIO_Event_Handler
                0x10040b7c       0x30 ./Core/Src/GPIO.o
                0x10040b7c                GPIO_Event_Handler
 .text.I2C1_IRQHandler
                0x10040bac       0x20 ./Core/Src/I2C.o
                0x10040bac                I2C1_IRQHandler
 .text.startup.main
                0x10040bcc       0xa0 ./Core/Src/Main.o
                0x10040bcc                main
 .text.TIM2_IRQHandler
                0x10040c6c       0x1c ./Core/Src/TIMERS.o
                0x10040c6c                TIM2_IRQHandler
 .text.LPUART1_IRQHandler
                0x10040c88       0x10 ./Core/Src/UART.o
                0x10040c88                LPUART1_IRQHandler
 .text.USART1_IRQHandler
                0x10040c98       0xac ./Core/Src/UART.o
                0x10040c98                USART1_IRQHandler
 .text.UART_Init
                0x10040d44       0xc4 ./Core/Src/UART.o
                0x10040d44                UART_Init
 .text.USART_ReadRx
                0x10040e08       0x44 ./Core/Src/UART.o
                0x10040e08                USART_ReadRx
 .text.USART_WriteTx
                0x10040e4c       0x54 ./Core/Src/UART.o
                0x10040e4c                USART_WriteTx
 .text.USART_TxEmpty
                0x10040ea0       0x28 ./Core/Src/UART.o
                0x10040ea0                USART_TxEmpty
 .text.LL_PWR_SetNoPullB
                0x10040ec8       0x14 ./Core/Src/stm32wb0x_hal_msp.o
 .text.LL_AHB1_GRP1_EnableClock
                0x10040edc       0x1c ./Core/Src/stm32wb0x_hal_msp.o
 .text.HAL_MspInit
                0x10040ef8       0x20 ./Core/Src/stm32wb0x_hal_msp.o
                0x10040ef8                HAL_MspInit
 .text.HAL_UART_MspInit
                0x10040f18       0xa4 ./Core/Src/stm32wb0x_hal_msp.o
                0x10040f18                HAL_UART_MspInit
 .text.NMI_Handler
                0x10040fbc        0x2 ./Core/Src/stm32wb0x_it.o
                0x10040fbc                NMI_Handler
 .text.HardFault_Handler
                0x10040fbe        0x2 ./Core/Src/stm32wb0x_it.o
                0x10040fbe                HardFault_Handler
 .text.SVC_Handler
                0x10040fc0        0x2 ./Core/Src/stm32wb0x_it.o
                0x10040fc0                SVC_Handler
 .text.PendSV_Handler
                0x10040fc2        0x2 ./Core/Src/stm32wb0x_it.o
                0x10040fc2                PendSV_Handler
 .text.SysTick_Handler
                0x10040fc4        0x8 ./Core/Src/stm32wb0x_it.o
                0x10040fc4                SysTick_Handler
 .text.RADIO_TIMER_CPU_WKUP_IRQHandler
                0x10040fcc        0x8 ./Core/Src/stm32wb0x_it.o
                0x10040fcc                RADIO_TIMER_CPU_WKUP_IRQHandler
 .text.RADIO_TIMER_ERROR_IRQHandler
                0x10040fd4        0x8 ./Core/Src/stm32wb0x_it.o
                0x10040fd4                RADIO_TIMER_ERROR_IRQHandler
 .text.RADIO_TXRX_IRQHandler
                0x10040fdc        0x8 ./Core/Src/stm32wb0x_it.o
                0x10040fdc                RADIO_TXRX_IRQHandler
 .text.RADIO_TXRX_SEQ_IRQHandler
                0x10040fe4        0x8 ./Core/Src/stm32wb0x_it.o
                0x10040fe4                RADIO_TXRX_SEQ_IRQHandler
 .text._sbrk    0x10040fec       0x40 ./Core/Src/sysmem.o
                0x10040fec                _sbrk
 .text.SystemCoreClockUpdate
                0x1004102c       0x30 ./Core/Src/system_stm32wb0x.o
                0x1004102c                SystemCoreClockUpdate
 .text.CPUcontextRestore
                0x1004105c        0x2 ./Core/Src/system_stm32wb0x.o
                0x1004105c                CPUcontextRestore
 *fill*         0x1004105e        0x2 
 .text.SystemInit
                0x10041060      0x14c ./Core/Src/system_stm32wb0x.o
                0x10041060                SystemInit
 .text.Reset_Handler
                0x100411ac       0x64 ./Core/Startup/startup_stm32wb05kzvx.o
                0x100411ac                Reset_Handler
 .text.Default_Handler
                0x10041210        0x2 ./Core/Startup/startup_stm32wb05kzvx.o
                0x10041210                GPIOB_IRQHandler
                0x10041210                GPIOA_IRQHandler
                0x10041210                PVD_IRQHandler
                0x10041210                PKA_IRQHandler
                0x10041210                TIM17_IRQHandler
                0x10041210                RTC_IRQHandler
                0x10041210                TIM16_IRQHandler
                0x10041210                RCC_IRQHandler
                0x10041210                Default_Handler
                0x10041210                ADC_IRQHandler
                0x10041210                DMA_IRQHandler
                0x10041210                FLASH_IRQHandler
                0x10041210                SPI3_IRQHandler
                0x10041210                RADIO_TIMER_TXRX_WKUP_IRQHandler
 .text.LL_PWR_EnableGPIOPullUp
                0x10041212        0xe ./Drivers/BSP/STM32WB0x-nucleo/stm32wb0x_nucleo.o
 .text.LL_AHB1_GRP1_EnableClock
                0x10041220       0x1c ./Drivers/BSP/STM32WB0x-nucleo/stm32wb0x_nucleo.o
 .text.BSP_LED_Init
                0x1004123c       0x78 ./Drivers/BSP/STM32WB0x-nucleo/stm32wb0x_nucleo.o
                0x1004123c                BSP_LED_Init
 .text.BSP_LED_Toggle
                0x100412b4       0x20 ./Drivers/BSP/STM32WB0x-nucleo/stm32wb0x_nucleo.o
                0x100412b4                BSP_LED_Toggle
 .text.BSP_PB_Init
                0x100412d4       0xc8 ./Drivers/BSP/STM32WB0x-nucleo/stm32wb0x_nucleo.o
                0x100412d4                BSP_PB_Init
 .text.MX_USART1_Init
                0x1004139c       0x2c ./Drivers/BSP/STM32WB0x-nucleo/stm32wb0x_nucleo.o
                0x1004139c                MX_USART1_Init
 .text.BSP_COM_Init
                0x100413c8       0xa4 ./Drivers/BSP/STM32WB0x-nucleo/stm32wb0x_nucleo.o
                0x100413c8                BSP_COM_Init
 .text.HAL_InitTick
                0x1004146c       0x50 ./Drivers/STM32WB0x_HAL_Driver/Src/stm32wb0x_hal.o
                0x1004146c                HAL_InitTick
 .text.HAL_Init
                0x100414bc       0x18 ./Drivers/STM32WB0x_HAL_Driver/Src/stm32wb0x_hal.o
                0x100414bc                HAL_Init
 .text.HAL_IncTick
                0x100414d4       0x18 ./Drivers/STM32WB0x_HAL_Driver/Src/stm32wb0x_hal.o
                0x100414d4                HAL_IncTick
 .text.HAL_GetTick
                0x100414ec        0xc ./Drivers/STM32WB0x_HAL_Driver/Src/stm32wb0x_hal.o
                0x100414ec                HAL_GetTick
 .text.HAL_GetTickPrio
                0x100414f8        0xc ./Drivers/STM32WB0x_HAL_Driver/Src/stm32wb0x_hal.o
                0x100414f8                HAL_GetTickPrio
 .text.HAL_NVIC_SetPriority
                0x10041504       0x54 ./Drivers/STM32WB0x_HAL_Driver/Src/stm32wb0x_hal_cortex.o
                0x10041504                HAL_NVIC_SetPriority
 .text.HAL_NVIC_EnableIRQ
                0x10041558       0x18 ./Drivers/STM32WB0x_HAL_Driver/Src/stm32wb0x_hal_cortex.o
                0x10041558                HAL_NVIC_EnableIRQ
 .text.HAL_SYSTICK_Config
                0x10041570       0x34 ./Drivers/STM32WB0x_HAL_Driver/Src/stm32wb0x_hal_cortex.o
                0x10041570                HAL_SYSTICK_Config
 .text.HAL_DMA_Abort
                0x100415a4       0x44 ./Drivers/STM32WB0x_HAL_Driver/Src/stm32wb0x_hal_dma.o
                0x100415a4                HAL_DMA_Abort
 .text.HAL_DMA_Abort_IT
                0x100415e8       0x46 ./Drivers/STM32WB0x_HAL_Driver/Src/stm32wb0x_hal_dma.o
                0x100415e8                HAL_DMA_Abort_IT
 .text.HAL_DMA_GetState
                0x1004162e        0x8 ./Drivers/STM32WB0x_HAL_Driver/Src/stm32wb0x_hal_dma.o
                0x1004162e                HAL_DMA_GetState
 .text.HAL_GPIO_Init
                0x10041636      0x136 ./Drivers/STM32WB0x_HAL_Driver/Src/stm32wb0x_hal_gpio.o
                0x10041636                HAL_GPIO_Init
 .text.HAL_GPIO_ReadPin
                0x1004176c        0xc ./Drivers/STM32WB0x_HAL_Driver/Src/stm32wb0x_hal_gpio.o
                0x1004176c                HAL_GPIO_ReadPin
 .text.HAL_GPIO_WritePin
                0x10041778        0xc ./Drivers/STM32WB0x_HAL_Driver/Src/stm32wb0x_hal_gpio.o
                0x10041778                HAL_GPIO_WritePin
 .text.HAL_GPIO_TogglePin
                0x10041784       0x10 ./Drivers/STM32WB0x_HAL_Driver/Src/stm32wb0x_hal_gpio.o
                0x10041784                HAL_GPIO_TogglePin
 .text.I2C_Flush_TXDR
                0x10041794       0x1c ./Drivers/STM32WB0x_HAL_Driver/Src/stm32wb0x_hal_i2c.o
 .text.I2C_Disable_IRQ
                0x100417b0       0x48 ./Drivers/STM32WB0x_HAL_Driver/Src/stm32wb0x_hal_i2c.o
 .text.HAL_I2C_EV_IRQHandler
                0x100417f8       0x12 ./Drivers/STM32WB0x_HAL_Driver/Src/stm32wb0x_hal_i2c.o
                0x100417f8                HAL_I2C_EV_IRQHandler
 .text.HAL_I2C_SlaveTxCpltCallback
                0x1004180a        0x2 ./Drivers/STM32WB0x_HAL_Driver/Src/stm32wb0x_hal_i2c.o
                0x1004180a                HAL_I2C_SlaveTxCpltCallback
 .text.HAL_I2C_SlaveRxCpltCallback
                0x1004180c        0x2 ./Drivers/STM32WB0x_HAL_Driver/Src/stm32wb0x_hal_i2c.o
                0x1004180c                HAL_I2C_SlaveRxCpltCallback
 *fill*         0x1004180e        0x2 
 .text.I2C_ITSlaveSeqCplt
                0x10041810       0x80 ./Drivers/STM32WB0x_HAL_Driver/Src/stm32wb0x_hal_i2c.o
 .text.HAL_I2C_AddrCallback
                0x10041890        0x2 ./Drivers/STM32WB0x_HAL_Driver/Src/stm32wb0x_hal_i2c.o
                0x10041890                HAL_I2C_AddrCallback
 .text.I2C_ITAddrCplt.constprop.0
                0x10041892       0x9a ./Drivers/STM32WB0x_HAL_Driver/Src/stm32wb0x_hal_i2c.o
 .text.HAL_I2C_ListenCpltCallback
                0x1004192c        0x2 ./Drivers/STM32WB0x_HAL_Driver/Src/stm32wb0x_hal_i2c.o
                0x1004192c                HAL_I2C_ListenCpltCallback
 *fill*         0x1004192e        0x2 
 .text.I2C_ITListenCplt
                0x10041930       0x6c ./Drivers/STM32WB0x_HAL_Driver/Src/stm32wb0x_hal_i2c.o
 .text.HAL_I2C_ErrorCallback
                0x1004199c        0x2 ./Drivers/STM32WB0x_HAL_Driver/Src/stm32wb0x_hal_i2c.o
                0x1004199c                HAL_I2C_ErrorCallback
 .text.HAL_I2C_AbortCpltCallback
                0x1004199e        0x2 ./Drivers/STM32WB0x_HAL_Driver/Src/stm32wb0x_hal_i2c.o
                0x1004199e                HAL_I2C_AbortCpltCallback
 .text.I2C_TreatErrorCallback
                0x100419a0       0x2a ./Drivers/STM32WB0x_HAL_Driver/Src/stm32wb0x_hal_i2c.o
 *fill*         0x100419ca        0x2 
 .text.I2C_ITError
                0x100419cc      0x114 ./Drivers/STM32WB0x_HAL_Driver/Src/stm32wb0x_hal_i2c.o
 .text.HAL_I2C_ER_IRQHandler
                0x10041ae0       0x58 ./Drivers/STM32WB0x_HAL_Driver/Src/stm32wb0x_hal_i2c.o
                0x10041ae0                HAL_I2C_ER_IRQHandler
 .text.I2C_ITSlaveCplt.constprop.0
                0x10041b38      0x1d0 ./Drivers/STM32WB0x_HAL_Driver/Src/stm32wb0x_hal_i2c.o
 .text.I2C_Slave_ISR_IT
                0x10041d08      0x11c ./Drivers/STM32WB0x_HAL_Driver/Src/stm32wb0x_hal_i2c.o
 .text.I2C_DMAAbort
                0x10041e24       0x1e ./Drivers/STM32WB0x_HAL_Driver/Src/stm32wb0x_hal_i2c.o
 *fill*         0x10041e42        0x2 
 .text.HAL_RADIO_ReadRSSI
                0x10041e44       0x50 ./Drivers/STM32WB0x_HAL_Driver/Src/stm32wb0x_hal_radio.o
                0x10041e44                HAL_RADIO_ReadRSSI
 .text.HAL_RADIO_TxRxCallback
                0x10041e94        0x2 ./Drivers/STM32WB0x_HAL_Driver/Src/stm32wb0x_hal_radio.o
                0x10041e94                HAL_RADIO_TxRxCallback
 .text.HAL_RADIO_TxRxSeqCallback
                0x10041e96        0x2 ./Drivers/STM32WB0x_HAL_Driver/Src/stm32wb0x_hal_radio.o
                0x10041e96                HAL_RADIO_TxRxSeqCallback
 .text.HAL_RADIO_TXRX_IRQHandler
                0x10041e98      0x13c ./Drivers/STM32WB0x_HAL_Driver/Src/stm32wb0x_hal_radio.o
                0x10041e98                HAL_RADIO_TXRX_IRQHandler
 .text.HAL_RADIO_TXRX_SEQ_IRQHandler
                0x10041fd4        0x8 ./Drivers/STM32WB0x_HAL_Driver/Src/stm32wb0x_hal_radio.o
                0x10041fd4                HAL_RADIO_TXRX_SEQ_IRQHandler
 .text._calibration_callback
                0x10041fdc       0x24 ./Drivers/STM32WB0x_HAL_Driver/Src/stm32wb0x_hal_radio_timer.o
 .text._get_system_time_and_machine.constprop.0
                0x10042000       0x68 ./Drivers/STM32WB0x_HAL_Driver/Src/stm32wb0x_hal_radio_timer.o
 .text.HAL_RADIO_TIMER_GetAnchorPoint
                0x10042068       0x3c ./Drivers/STM32WB0x_HAL_Driver/Src/stm32wb0x_hal_radio_timer.o
                0x10042068                HAL_RADIO_TIMER_GetAnchorPoint
 .text.HAL_RADIO_TIMER_RadioTimerIsr
                0x100420a4        0x2 ./Drivers/STM32WB0x_HAL_Driver/Src/stm32wb0x_hal_radio_timer.o
                0x100420a4                HAL_RADIO_TIMER_RadioTimerIsr
 *fill*         0x100420a6        0x2 
 .text.HAL_RADIO_TIMER_EndOfRadioActivityIsr
                0x100420a8        0xc ./Drivers/STM32WB0x_HAL_Driver/Src/stm32wb0x_hal_radio_timer.o
                0x100420a8                HAL_RADIO_TIMER_EndOfRadioActivityIsr
 .text.HAL_RADIO_TIMER_UsToSystime
                0x100420b4       0x12 ./Drivers/STM32WB0x_HAL_Driver/Src/stm32wb0x_hal_radio_timer.o
                0x100420b4                HAL_RADIO_TIMER_UsToSystime
 .text.HAL_RADIO_TIMER_GetCurrentSysTime
                0x100420c6        0xc ./Drivers/STM32WB0x_HAL_Driver/Src/stm32wb0x_hal_radio_timer.o
                0x100420c6                HAL_RADIO_TIMER_GetCurrentSysTime
 *fill*         0x100420d2        0x2 
 .text._check_radio_activity.part.0.constprop.0
                0x100420d4      0x1d0 ./Drivers/STM32WB0x_HAL_Driver/Src/stm32wb0x_hal_radio_timer.o
 .text.HAL_RADIO_TIMER_SetRadioTimerValue
                0x100422a4       0x64 ./Drivers/STM32WB0x_HAL_Driver/Src/stm32wb0x_hal_radio_timer.o
                0x100422a4                HAL_RADIO_TIMER_SetRadioTimerValue
 .text.HAL_RADIO_TIMER_TimeoutCallback
                0x10042308       0x4c ./Drivers/STM32WB0x_HAL_Driver/Src/stm32wb0x_hal_radio_timer.o
                0x10042308                HAL_RADIO_TIMER_TimeoutCallback
 .text.HAL_RADIO_TIMER_CpuWakeUpCallback
                0x10042354        0x2 ./Drivers/STM32WB0x_HAL_Driver/Src/stm32wb0x_hal_radio_timer.o
                0x10042354                HAL_RADIO_TIMER_CpuWakeUpCallback
 .text.HAL_RADIO_TIMER_CPU_WKUP_IRQHandler
                0x10042356        0xc ./Drivers/STM32WB0x_HAL_Driver/Src/stm32wb0x_hal_radio_timer.o
                0x10042356                HAL_RADIO_TIMER_CPU_WKUP_IRQHandler
 .text.HAL_RADIO_TIMER_ERROR_IRQHandler
                0x10042362       0x1c ./Drivers/STM32WB0x_HAL_Driver/Src/stm32wb0x_hal_radio_timer.o
                0x10042362                HAL_RADIO_TIMER_ERROR_IRQHandler
 *fill*         0x1004237e        0x2 
 .text.LL_RCC_HSE_IsReady
                0x10042380       0x10 ./Drivers/STM32WB0x_HAL_Driver/Src/stm32wb0x_hal_rcc.o
 .text.LL_RCC_HSI_Enable
                0x10042390       0x18 ./Drivers/STM32WB0x_HAL_Driver/Src/stm32wb0x_hal_rcc.o
 .text.LL_RCC_HSI_IsReady
                0x100423a8       0x10 ./Drivers/STM32WB0x_HAL_Driver/Src/stm32wb0x_hal_rcc.o
 .text.HAL_RCC_OscConfig
                0x100423b8      0x278 ./Drivers/STM32WB0x_HAL_Driver/Src/stm32wb0x_hal_rcc.o
                0x100423b8                HAL_RCC_OscConfig
 .text.HAL_RCC_ClockConfig
                0x10042630      0x140 ./Drivers/STM32WB0x_HAL_Driver/Src/stm32wb0x_hal_rcc.o
                0x10042630                HAL_RCC_ClockConfig
 .text.HAL_RCC_GetSysClockFreq
                0x10042770        0xc ./Drivers/STM32WB0x_HAL_Driver/Src/stm32wb0x_hal_rcc.o
                0x10042770                HAL_RCC_GetSysClockFreq
 .text.HAL_RCCEx_PeriphCLKConfig
                0x1004277c       0x78 ./Drivers/STM32WB0x_HAL_Driver/Src/stm32wb0x_hal_rcc_ex.o
                0x1004277c                HAL_RCCEx_PeriphCLKConfig
 .text.HAL_RCCEx_GetPeriphCLKFreq
                0x100427f4       0xf4 ./Drivers/STM32WB0x_HAL_Driver/Src/stm32wb0x_hal_rcc_ex.o
                0x100427f4                HAL_RCCEx_GetPeriphCLKFreq
 .text.HAL_TIM_PeriodElapsedCallback
                0x100428e8        0x2 ./Drivers/STM32WB0x_HAL_Driver/Src/stm32wb0x_hal_tim.o
                0x100428e8                HAL_TIM_PeriodElapsedCallback
 .text.HAL_TIM_OC_DelayElapsedCallback
                0x100428ea        0x2 ./Drivers/STM32WB0x_HAL_Driver/Src/stm32wb0x_hal_tim.o
                0x100428ea                HAL_TIM_OC_DelayElapsedCallback
 .text.HAL_TIM_IC_CaptureCallback
                0x100428ec        0x2 ./Drivers/STM32WB0x_HAL_Driver/Src/stm32wb0x_hal_tim.o
                0x100428ec                HAL_TIM_IC_CaptureCallback
 .text.HAL_TIM_PWM_PulseFinishedCallback
                0x100428ee        0x2 ./Drivers/STM32WB0x_HAL_Driver/Src/stm32wb0x_hal_tim.o
                0x100428ee                HAL_TIM_PWM_PulseFinishedCallback
 .text.HAL_TIM_TriggerCallback
                0x100428f0        0x2 ./Drivers/STM32WB0x_HAL_Driver/Src/stm32wb0x_hal_tim.o
                0x100428f0                HAL_TIM_TriggerCallback
 .text.HAL_TIM_IRQHandler
                0x100428f2      0x138 ./Drivers/STM32WB0x_HAL_Driver/Src/stm32wb0x_hal_tim.o
                0x100428f2                HAL_TIM_IRQHandler
 .text.HAL_TIMEx_CommutCallback
                0x10042a2a        0x2 ./Drivers/STM32WB0x_HAL_Driver/Src/stm32wb0x_hal_tim_ex.o
                0x10042a2a                HAL_TIMEx_CommutCallback
 .text.HAL_TIMEx_BreakCallback
                0x10042a2c        0x2 ./Drivers/STM32WB0x_HAL_Driver/Src/stm32wb0x_hal_tim_ex.o
                0x10042a2c                HAL_TIMEx_BreakCallback
 *fill*         0x10042a2e        0x2 
 .text.UART_EndRxTransfer
                0x10042a30       0x64 ./Drivers/STM32WB0x_HAL_Driver/Src/stm32wb0x_hal_uart.o
 .text.HAL_UART_TxCpltCallback
                0x10042a94        0x2 ./Drivers/STM32WB0x_HAL_Driver/Src/stm32wb0x_hal_uart.o
                0x10042a94                HAL_UART_TxCpltCallback
 .text.HAL_UART_ErrorCallback
                0x10042a96        0x2 ./Drivers/STM32WB0x_HAL_Driver/Src/stm32wb0x_hal_uart.o
                0x10042a96                HAL_UART_ErrorCallback
 .text.UART_DMAAbortOnError
                0x10042a98       0x12 ./Drivers/STM32WB0x_HAL_Driver/Src/stm32wb0x_hal_uart.o
 .text.HAL_UARTEx_RxEventCallback
                0x10042aaa        0x2 ./Drivers/STM32WB0x_HAL_Driver/Src/stm32wb0x_hal_uart.o
                0x10042aaa                HAL_UARTEx_RxEventCallback
 .text.HAL_UART_IRQHandler
                0x10042aac      0x344 ./Drivers/STM32WB0x_HAL_Driver/Src/stm32wb0x_hal_uart.o
                0x10042aac                HAL_UART_IRQHandler
 .text.UART_SetConfig
                0x10042df0      0x138 ./Drivers/STM32WB0x_HAL_Driver/Src/stm32wb0x_hal_uart.o
                0x10042df0                UART_SetConfig
 .text.UART_AdvFeatureConfig
                0x10042f28       0xd0 ./Drivers/STM32WB0x_HAL_Driver/Src/stm32wb0x_hal_uart.o
                0x10042f28                UART_AdvFeatureConfig
 .text.UART_WaitOnFlagUntilTimeout
                0x10042ff8       0x92 ./Drivers/STM32WB0x_HAL_Driver/Src/stm32wb0x_hal_uart.o
                0x10042ff8                UART_WaitOnFlagUntilTimeout
 *fill*         0x1004308a        0x2 
 .text.UART_CheckIdleState
                0x1004308c       0xc8 ./Drivers/STM32WB0x_HAL_Driver/Src/stm32wb0x_hal_uart.o
                0x1004308c                UART_CheckIdleState
 .text.HAL_UART_Init
                0x10043154       0x68 ./Drivers/STM32WB0x_HAL_Driver/Src/stm32wb0x_hal_uart.o
                0x10043154                HAL_UART_Init
 .text.UARTEx_SetNbDataToProcess
                0x100431bc       0x50 ./Drivers/STM32WB0x_HAL_Driver/Src/stm32wb0x_hal_uart_ex.o
 .text.HAL_UARTEx_WakeupCallback
                0x1004320c        0x2 ./Drivers/STM32WB0x_HAL_Driver/Src/stm32wb0x_hal_uart_ex.o
                0x1004320c                HAL_UARTEx_WakeupCallback
 .text.HAL_UARTEx_RxFifoFullCallback
                0x1004320e        0x2 ./Drivers/STM32WB0x_HAL_Driver/Src/stm32wb0x_hal_uart_ex.o
                0x1004320e                HAL_UARTEx_RxFifoFullCallback
 .text.HAL_UARTEx_TxFifoEmptyCallback
                0x10043210        0x2 ./Drivers/STM32WB0x_HAL_Driver/Src/stm32wb0x_hal_uart_ex.o
                0x10043210                HAL_UARTEx_TxFifoEmptyCallback
 .text.HAL_UARTEx_SetTxFifoThreshold
                0x10043212       0x40 ./Drivers/STM32WB0x_HAL_Driver/Src/stm32wb0x_hal_uart_ex.o
                0x10043212                HAL_UARTEx_SetTxFifoThreshold
 *fill*         0x10043252        0x2 
 .text.HAL_UARTEx_SetRxFifoThreshold
                0x10043254       0x44 ./Drivers/STM32WB0x_HAL_Driver/Src/stm32wb0x_hal_uart_ex.o
                0x10043254                HAL_UARTEx_SetRxFifoThreshold
 .text.USART_EndTransfer
                0x10043298       0x24 ./Drivers/STM32WB0x_HAL_Driver/Src/stm32wb0x_hal_usart.o
 .text.HAL_USART_TxCpltCallback
                0x100432bc        0x2 ./Drivers/STM32WB0x_HAL_Driver/Src/stm32wb0x_hal_usart.o
                0x100432bc                HAL_USART_TxCpltCallback
 .text.HAL_USART_TxRxCpltCallback
                0x100432be        0x2 ./Drivers/STM32WB0x_HAL_Driver/Src/stm32wb0x_hal_usart.o
                0x100432be                HAL_USART_TxRxCpltCallback
 .text.HAL_USART_ErrorCallback
                0x100432c0        0x2 ./Drivers/STM32WB0x_HAL_Driver/Src/stm32wb0x_hal_usart.o
                0x100432c0                HAL_USART_ErrorCallback
 *fill*         0x100432c2        0x2 
 .text.HAL_USART_IRQHandler
                0x100432c4      0x1dc ./Drivers/STM32WB0x_HAL_Driver/Src/stm32wb0x_hal_usart.o
                0x100432c4                HAL_USART_IRQHandler
 .text.USART_DMAAbortOnError
                0x100434a0       0x10 ./Drivers/STM32WB0x_HAL_Driver/Src/stm32wb0x_hal_usart.o
 .text.HAL_USARTEx_RxFifoFullCallback
                0x100434b0        0x2 ./Drivers/STM32WB0x_HAL_Driver/Src/stm32wb0x_hal_usart_ex.o
                0x100434b0                HAL_USARTEx_RxFifoFullCallback
 .text.HAL_USARTEx_TxFifoEmptyCallback
                0x100434b2        0x2 ./Drivers/STM32WB0x_HAL_Driver/Src/stm32wb0x_hal_usart_ex.o
                0x100434b2                HAL_USARTEx_TxFifoEmptyCallback
 .text.malloc   0x100434b4       0x14 C:/ST/STM32CubeIDE_1.17.0/STM32CubeIDE/plugins/com.st.stm32cube.ide.mcu.externaltools.gnu-tools-for-stm32.12.3.rel1.win32_1.1.0.202410251130/tools/bin/../lib/gcc/arm-none-eabi/12.3.1/../../../../arm-none-eabi/lib/thumb/v6-m/nofp\libc_nano.a(libc_a-malloc.o)
                0x100434b4                malloc
 .text.free     0x100434c8       0x14 C:/ST/STM32CubeIDE_1.17.0/STM32CubeIDE/plugins/com.st.stm32cube.ide.mcu.externaltools.gnu-tools-for-stm32.12.3.rel1.win32_1.1.0.202410251130/tools/bin/../lib/gcc/arm-none-eabi/12.3.1/../../../../arm-none-eabi/lib/thumb/v6-m/nofp\libc_nano.a(libc_a-malloc.o)
                0x100434c8                free
 .text.sbrk_aligned
                0x100434dc       0x44 C:/ST/STM32CubeIDE_1.17.0/STM32CubeIDE/plugins/com.st.stm32cube.ide.mcu.externaltools.gnu-tools-for-stm32.12.3.rel1.win32_1.1.0.202410251130/tools/bin/../lib/gcc/arm-none-eabi/12.3.1/../../../../arm-none-eabi/lib/thumb/v6-m/nofp\libc_nano.a(libc_a-mallocr.o)
 .text._malloc_r
                0x10043520      0x100 C:/ST/STM32CubeIDE_1.17.0/STM32CubeIDE/plugins/com.st.stm32cube.ide.mcu.externaltools.gnu-tools-for-stm32.12.3.rel1.win32_1.1.0.202410251130/tools/bin/../lib/gcc/arm-none-eabi/12.3.1/../../../../arm-none-eabi/lib/thumb/v6-m/nofp\libc_nano.a(libc_a-mallocr.o)
                0x10043520                _malloc_r
 .text.__malloc_lock
                0x10043620       0x10 C:/ST/STM32CubeIDE_1.17.0/STM32CubeIDE/plugins/com.st.stm32cube.ide.mcu.externaltools.gnu-tools-for-stm32.12.3.rel1.win32_1.1.0.202410251130/tools/bin/../lib/gcc/arm-none-eabi/12.3.1/../../../../arm-none-eabi/lib/thumb/v6-m/nofp\libc_nano.a(libc_a-mlock.o)
                0x10043620                __malloc_lock
 .text.__malloc_unlock
                0x10043630       0x10 C:/ST/STM32CubeIDE_1.17.0/STM32CubeIDE/plugins/com.st.stm32cube.ide.mcu.externaltools.gnu-tools-for-stm32.12.3.rel1.win32_1.1.0.202410251130/tools/bin/../lib/gcc/arm-none-eabi/12.3.1/../../../../arm-none-eabi/lib/thumb/v6-m/nofp\libc_nano.a(libc_a-mlock.o)
                0x10043630                __malloc_unlock
 .text.sprintf  0x10043640       0x40 C:/ST/STM32CubeIDE_1.17.0/STM32CubeIDE/plugins/com.st.stm32cube.ide.mcu.externaltools.gnu-tools-for-stm32.12.3.rel1.win32_1.1.0.202410251130/tools/bin/../lib/gcc/arm-none-eabi/12.3.1/../../../../arm-none-eabi/lib/thumb/v6-m/nofp\libc_nano.a(libc_a-sprintf.o)
                0x10043640                siprintf
                0x10043640                sprintf
 .text.memset   0x10043680       0x10 C:/ST/STM32CubeIDE_1.17.0/STM32CubeIDE/plugins/com.st.stm32cube.ide.mcu.externaltools.gnu-tools-for-stm32.12.3.rel1.win32_1.1.0.202410251130/tools/bin/../lib/gcc/arm-none-eabi/12.3.1/../../../../arm-none-eabi/lib/thumb/v6-m/nofp\libc_nano.a(libc_a-memset.o)
                0x10043680                memset
 .text._sbrk_r  0x10043690       0x24 C:/ST/STM32CubeIDE_1.17.0/STM32CubeIDE/plugins/com.st.stm32cube.ide.mcu.externaltools.gnu-tools-for-stm32.12.3.rel1.win32_1.1.0.202410251130/tools/bin/../lib/gcc/arm-none-eabi/12.3.1/../../../../arm-none-eabi/lib/thumb/v6-m/nofp\libc_nano.a(libc_a-sbrkr.o)
                0x10043690                _sbrk_r
 .text.__errno  0x100436b4        0xc C:/ST/STM32CubeIDE_1.17.0/STM32CubeIDE/plugins/com.st.stm32cube.ide.mcu.externaltools.gnu-tools-for-stm32.12.3.rel1.win32_1.1.0.202410251130/tools/bin/../lib/gcc/arm-none-eabi/12.3.1/../../../../arm-none-eabi/lib/thumb/v6-m/nofp\libc_nano.a(libc_a-errno.o)
                0x100436b4                __errno
 .text.__retarget_lock_acquire_recursive
                0x100436c0        0x2 C:/ST/STM32CubeIDE_1.17.0/STM32CubeIDE/plugins/com.st.stm32cube.ide.mcu.externaltools.gnu-tools-for-stm32.12.3.rel1.win32_1.1.0.202410251130/tools/bin/../lib/gcc/arm-none-eabi/12.3.1/../../../../arm-none-eabi/lib/thumb/v6-m/nofp\libc_nano.a(libc_a-lock.o)
                0x100436c0                __retarget_lock_acquire_recursive
 .text.__retarget_lock_release_recursive
                0x100436c2        0x2 C:/ST/STM32CubeIDE_1.17.0/STM32CubeIDE/plugins/com.st.stm32cube.ide.mcu.externaltools.gnu-tools-for-stm32.12.3.rel1.win32_1.1.0.202410251130/tools/bin/../lib/gcc/arm-none-eabi/12.3.1/../../../../arm-none-eabi/lib/thumb/v6-m/nofp\libc_nano.a(libc_a-lock.o)
                0x100436c2                __retarget_lock_release_recursive
 .text.memcpy   0x100436c4       0x12 C:/ST/STM32CubeIDE_1.17.0/STM32CubeIDE/plugins/com.st.stm32cube.ide.mcu.externaltools.gnu-tools-for-stm32.12.3.rel1.win32_1.1.0.202410251130/tools/bin/../lib/gcc/arm-none-eabi/12.3.1/../../../../arm-none-eabi/lib/thumb/v6-m/nofp\libc_nano.a(libc_a-memcpy-stub.o)
                0x100436c4                memcpy
 *fill*         0x100436d6        0x2 
 .text._free_r  0x100436d8       0x94 C:/ST/STM32CubeIDE_1.17.0/STM32CubeIDE/plugins/com.st.stm32cube.ide.mcu.externaltools.gnu-tools-for-stm32.12.3.rel1.win32_1.1.0.202410251130/tools/bin/../lib/gcc/arm-none-eabi/12.3.1/../../../../arm-none-eabi/lib/thumb/v6-m/nofp\libc_nano.a(libc_a-freer.o)
                0x100436d8                _free_r
 .text.__ssputs_r
                0x1004376c       0xc0 C:/ST/STM32CubeIDE_1.17.0/STM32CubeIDE/plugins/com.st.stm32cube.ide.mcu.externaltools.gnu-tools-for-stm32.12.3.rel1.win32_1.1.0.202410251130/tools/bin/../lib/gcc/arm-none-eabi/12.3.1/../../../../arm-none-eabi/lib/thumb/v6-m/nofp\libc_nano.a(libc_a-nano-svfprintf.o)
                0x1004376c                __ssputs_r
 .text._svfprintf_r
                0x1004382c      0x1fc C:/ST/STM32CubeIDE_1.17.0/STM32CubeIDE/plugins/com.st.stm32cube.ide.mcu.externaltools.gnu-tools-for-stm32.12.3.rel1.win32_1.1.0.202410251130/tools/bin/../lib/gcc/arm-none-eabi/12.3.1/../../../../arm-none-eabi/lib/thumb/v6-m/nofp\libc_nano.a(libc_a-nano-svfprintf.o)
                0x1004382c                _svfiprintf_r
                0x1004382c                _svfprintf_r
 .text._printf_common
                0x10043a28       0xde C:/ST/STM32CubeIDE_1.17.0/STM32CubeIDE/plugins/com.st.stm32cube.ide.mcu.externaltools.gnu-tools-for-stm32.12.3.rel1.win32_1.1.0.202410251130/tools/bin/../lib/gcc/arm-none-eabi/12.3.1/../../../../arm-none-eabi/lib/thumb/v6-m/nofp\libc_nano.a(libc_a-nano-vfprintf_i.o)
                0x10043a28                _printf_common
 *fill*         0x10043b06        0x2 
 .text._printf_i
                0x10043b08      0x21c C:/ST/STM32CubeIDE_1.17.0/STM32CubeIDE/plugins/com.st.stm32cube.ide.mcu.externaltools.gnu-tools-for-stm32.12.3.rel1.win32_1.1.0.202410251130/tools/bin/../lib/gcc/arm-none-eabi/12.3.1/../../../../arm-none-eabi/lib/thumb/v6-m/nofp\libc_nano.a(libc_a-nano-vfprintf_i.o)
                0x10043b08                _printf_i
 .text.memmove  0x10043d24       0x26 C:/ST/STM32CubeIDE_1.17.0/STM32CubeIDE/plugins/com.st.stm32cube.ide.mcu.externaltools.gnu-tools-for-stm32.12.3.rel1.win32_1.1.0.202410251130/tools/bin/../lib/gcc/arm-none-eabi/12.3.1/../../../../arm-none-eabi/lib/thumb/v6-m/nofp\libc_nano.a(libc_a-memmove.o)
                0x10043d24                memmove
 .text.memchr   0x10043d4a       0x16 C:/ST/STM32CubeIDE_1.17.0/STM32CubeIDE/plugins/com.st.stm32cube.ide.mcu.externaltools.gnu-tools-for-stm32.12.3.rel1.win32_1.1.0.202410251130/tools/bin/../lib/gcc/arm-none-eabi/12.3.1/../../../../arm-none-eabi/lib/thumb/v6-m/nofp\libc_nano.a(libc_a-memchr-stub.o)
                0x10043d4a                memchr
 .text._realloc_r
                0x10043d60       0x5e C:/ST/STM32CubeIDE_1.17.0/STM32CubeIDE/plugins/com.st.stm32cube.ide.mcu.externaltools.gnu-tools-for-stm32.12.3.rel1.win32_1.1.0.202410251130/tools/bin/../lib/gcc/arm-none-eabi/12.3.1/../../../../arm-none-eabi/lib/thumb/v6-m/nofp\libc_nano.a(libc_a-reallocr.o)
                0x10043d60                _realloc_r
 .text._malloc_usable_size_r
                0x10043dbe       0x10 C:/ST/STM32CubeIDE_1.17.0/STM32CubeIDE/plugins/com.st.stm32cube.ide.mcu.externaltools.gnu-tools-for-stm32.12.3.rel1.win32_1.1.0.202410251130/tools/bin/../lib/gcc/arm-none-eabi/12.3.1/../../../../arm-none-eabi/lib/thumb/v6-m/nofp\libc_nano.a(libc_a-msizer.o)
                0x10043dbe                _malloc_usable_size_r
 *(i.*)
 *(.constdata)
 *(.glue_7)
 .glue_7        0x10043dce        0x0 linker stubs
 *(.glue_7t)
 .glue_7t       0x10043dce        0x0 linker stubs
                0x10043dd0                        . = ALIGN (0x4)
 *fill*         0x10043dce        0x2 
                0x10043dd0                        _etext = .

.vfp11_veneer   0x10043dd0        0x0
 .vfp11_veneer  0x10043dd0        0x0 linker stubs

.v4_bx          0x10043dd0        0x0
 .v4_bx         0x10043dd0        0x0 linker stubs

.init           0x10043dd0        0x4
 .init          0x10043dd0        0x4 C:/ST/STM32CubeIDE_1.17.0/STM32CubeIDE/plugins/com.st.stm32cube.ide.mcu.externaltools.gnu-tools-for-stm32.12.3.rel1.win32_1.1.0.202410251130/tools/bin/../lib/gcc/arm-none-eabi/12.3.1/thumb/v6-m/nofp/crti.o
                0x10043dd0                _init

.fini           0x10043dd4        0x4
 .fini          0x10043dd4        0x4 C:/ST/STM32CubeIDE_1.17.0/STM32CubeIDE/plugins/com.st.stm32cube.ide.mcu.externaltools.gnu-tools-for-stm32.12.3.rel1.win32_1.1.0.202410251130/tools/bin/../lib/gcc/arm-none-eabi/12.3.1/thumb/v6-m/nofp/crti.o
                0x10043dd4                _fini

.iplt           0x10043dd8        0x0
 .iplt          0x10043dd8        0x0 ./Core/Src/BOARD.o

.rodata         0x10043dd8      0x154
                0x10043dd8                        . = ALIGN (0x4)
 *(.rodata)
 *(.rodata*)
 .rodata.COMM_Event_Handler.str1.1
                0x10043dd8       0xcd ./Core/Src/COMM.o
 .rodata.BUTTON_IRQn
                0x10043ea5        0x3 ./Drivers/BSP/STM32WB0x-nucleo/stm32wb0x_nucleo.o
 .rodata.BUTTON_PORT
                0x10043ea8        0xc ./Drivers/BSP/STM32WB0x-nucleo/stm32wb0x_nucleo.o
 .rodata.BUTTON_PIN
                0x10043eb4        0x6 ./Drivers/BSP/STM32WB0x-nucleo/stm32wb0x_nucleo.o
 *fill*         0x10043eba        0x2 
 .rodata.LED_PORT
                0x10043ebc        0xc ./Drivers/BSP/STM32WB0x-nucleo/stm32wb0x_nucleo.o
 .rodata.LED_PIN
                0x10043ec8        0x6 ./Drivers/BSP/STM32WB0x-nucleo/stm32wb0x_nucleo.o
 .rodata.UARTPrescTable
                0x10043ece       0x18 ./Drivers/STM32WB0x_HAL_Driver/Src/stm32wb0x_hal_uart.o
                0x10043ece                UARTPrescTable
 .rodata.denominator.0
                0x10043ee6        0x8 ./Drivers/STM32WB0x_HAL_Driver/Src/stm32wb0x_hal_uart_ex.o
 .rodata.numerator.1
                0x10043eee        0x8 ./Drivers/STM32WB0x_HAL_Driver/Src/stm32wb0x_hal_uart_ex.o
 .rodata._svfprintf_r.str1.1
                0x10043ef6       0x11 C:/ST/STM32CubeIDE_1.17.0/STM32CubeIDE/plugins/com.st.stm32cube.ide.mcu.externaltools.gnu-tools-for-stm32.12.3.rel1.win32_1.1.0.202410251130/tools/bin/../lib/gcc/arm-none-eabi/12.3.1/../../../../arm-none-eabi/lib/thumb/v6-m/nofp\libc_nano.a(libc_a-nano-svfprintf.o)
 .rodata._printf_i.str1.1
                0x10043f07       0x22 C:/ST/STM32CubeIDE_1.17.0/STM32CubeIDE/plugins/com.st.stm32cube.ide.mcu.externaltools.gnu-tools-for-stm32.12.3.rel1.win32_1.1.0.202410251130/tools/bin/../lib/gcc/arm-none-eabi/12.3.1/../../../../arm-none-eabi/lib/thumb/v6-m/nofp\libc_nano.a(libc_a-nano-vfprintf_i.o)
                0x10043f2c                        . = ALIGN (0x4)
 *fill*         0x10043f29        0x3 

.ARM.extab
 *(.ARM.extab*)

.ARM            0x10043f2c        0x8
                0x10043f2c                        __exidx_start = .
 *(.ARM.exidx*)
 .ARM.exidx     0x10043f2c        0x8 C:/ST/STM32CubeIDE_1.17.0/STM32CubeIDE/plugins/com.st.stm32cube.ide.mcu.externaltools.gnu-tools-for-stm32.12.3.rel1.win32_1.1.0.202410251130/tools/bin/../lib/gcc/arm-none-eabi/12.3.1/thumb/v6-m/nofp\libgcc.a(_udivmoddi4.o)
                0x10043f34                        __exidx_end = .
                0x10043f34                        _sidata = LOADADDR (.data)

.rel.dyn        0x10043f34        0x0
 .rel.iplt      0x10043f34        0x0 ./Core/Src/BOARD.o

.ram_preamble   0x20000004       0x2c
 *(.ram_vr)
 .ram_vr        0x20000004       0x2c ./Core/Src/system_stm32wb0x.o
                0x20000004                RAM_VR

.ram_preamble_2
 *(.crash_info_ram_vr)

.bss.blueRAM    0x200000c0       0xd4
                0x200000c0                        . = ALIGN (0x4)
                0x200000c0                        _sbssblue = .
 *(.bss.__blue_RAM)
 .bss.__blue_RAM
                0x200000c0       0xd4 ./Drivers/STM32WB0x_HAL_Driver/Src/stm32wb0x_hal_radio.o
                0x200000c0                __blue_RAM
                0x20000194                        . = ALIGN (0x4)
                0x20000194                        _ebssblue = .

.bss            0x20000194      0x854
                0x20000194                        . = ALIGN (0x4)
                0x20000194                        _sbss = .
 *(.bss)
 *(.bss*)
 .bss.numevents.0
                0x20000194        0x1 ./Core/Src/COMM.o
 *fill*         0x20000195        0x3 
 .bss.sent.1    0x20000198        0x4 ./Core/Src/COMM.o
 .bss.sendinglogs
                0x2000019c        0x1 ./Core/Src/COMM.o
                0x2000019c                sendinglogs
 *fill*         0x2000019d        0x3 
 .bss.COMMqueue
                0x200001a0        0x4 ./Core/Src/COMM.o
                0x200001a0                COMMqueue
 .bss.commSM    0x200001a4        0x1 ./Core/Src/COMM.o
                0x200001a4                commSM
 *fill*         0x200001a5        0x3 
 .bss.GPIOqueue
                0x200001a8        0x4 ./Core/Src/GPIO.o
 .bss.buttons   0x200001ac        0x1 ./Core/Src/GPIO.o
 *fill*         0x200001ad        0x3 
 .bss.hi2c1     0x200001b0       0x54 ./Core/Src/I2C.o
                0x200001b0                hi2c1
 .bss.EventQueues
                0x20000204        0x8 ./Core/Src/Main.o
                0x20000204                EventQueues
 .bss.milliSeconds
                0x2000020c        0x4 ./Core/Src/TIMERS.o
 .bss.htim2     0x20000210       0x3c ./Core/Src/TIMERS.o
                0x20000210                htim2
 .bss.USARTrx   0x2000024c      0x208 ./Core/Src/UART.o
                0x2000024c                USARTrx
 .bss.USARTtx   0x20000454      0x208 ./Core/Src/UART.o
                0x20000454                USARTtx
 .bss.BspCOMInit
                0x2000065c       0x10 ./Core/Src/UART.o
                0x2000065c                BspCOMInit
 .bss.husart1   0x2000066c       0x60 ./Core/Src/UART.o
                0x2000066c                husart1
 .bss.hlpuart1  0x200006cc       0x94 ./Core/Src/UART.o
                0x200006cc                hlpuart1
 .bss.__sbrk_heap_end
                0x20000760        0x4 ./Core/Src/sysmem.o
 .bss.hcom_uart
                0x20000764       0x94 ./Drivers/BSP/STM32WB0x-nucleo/stm32wb0x_nucleo.o
                0x20000764                hcom_uart
 .bss.uwTick    0x200007f8        0x4 ./Drivers/STM32WB0x_HAL_Driver/Src/stm32wb0x_hal.o
                0x200007f8                uwTick
 .bss.globalParameters
                0x200007fc        0xc ./Drivers/STM32WB0x_HAL_Driver/Src/stm32wb0x_hal_radio.o
                0x200007fc                globalParameters
 .bss.RADIO_TIMER_Context
                0x20000808       0x98 ./Drivers/STM32WB0x_HAL_Driver/Src/stm32wb0x_hal_radio_timer.o
 .bss.__malloc_sbrk_start
                0x200008a0        0x4 C:/ST/STM32CubeIDE_1.17.0/STM32CubeIDE/plugins/com.st.stm32cube.ide.mcu.externaltools.gnu-tools-for-stm32.12.3.rel1.win32_1.1.0.202410251130/tools/bin/../lib/gcc/arm-none-eabi/12.3.1/../../../../arm-none-eabi/lib/thumb/v6-m/nofp\libc_nano.a(libc_a-mallocr.o)
                0x200008a0                __malloc_sbrk_start
 .bss.__malloc_free_list
                0x200008a4        0x4 C:/ST/STM32CubeIDE_1.17.0/STM32CubeIDE/plugins/com.st.stm32cube.ide.mcu.externaltools.gnu-tools-for-stm32.12.3.rel1.win32_1.1.0.202410251130/tools/bin/../lib/gcc/arm-none-eabi/12.3.1/../../../../arm-none-eabi/lib/thumb/v6-m/nofp\libc_nano.a(libc_a-mallocr.o)
                0x200008a4                __malloc_free_list
 .bss.__sf      0x200008a8      0x138 C:/ST/STM32CubeIDE_1.17.0/STM32CubeIDE/plugins/com.st.stm32cube.ide.mcu.externaltools.gnu-tools-for-stm32.12.3.rel1.win32_1.1.0.202410251130/tools/bin/../lib/gcc/arm-none-eabi/12.3.1/../../../../arm-none-eabi/lib/thumb/v6-m/nofp\libc_nano.a(libc_a-findfp.o)
                0x200008a8                __sf
 .bss.errno     0x200009e0        0x4 C:/ST/STM32CubeIDE_1.17.0/STM32CubeIDE/plugins/com.st.stm32cube.ide.mcu.externaltools.gnu-tools-for-stm32.12.3.rel1.win32_1.1.0.202410251130/tools/bin/../lib/gcc/arm-none-eabi/12.3.1/../../../../arm-none-eabi/lib/thumb/v6-m/nofp\libc_nano.a(libc_a-reent.o)
                0x200009e0                errno
 .bss.__lock___malloc_recursive_mutex
                0x200009e4        0x1 C:/ST/STM32CubeIDE_1.17.0/STM32CubeIDE/plugins/com.st.stm32cube.ide.mcu.externaltools.gnu-tools-for-stm32.12.3.rel1.win32_1.1.0.202410251130/tools/bin/../lib/gcc/arm-none-eabi/12.3.1/../../../../arm-none-eabi/lib/thumb/v6-m/nofp\libc_nano.a(libc_a-lock.o)
                0x200009e4                __lock___malloc_recursive_mutex
 *(COMMON)
                0x200009e8                        . = ALIGN (0x4)
 *fill*         0x200009e5        0x3 
                0x200009e8                        _ebss = .

.data           0x200009e8       0x74 load address 0x10043f34
                0x200009e8                        . = ALIGN (0x4)
                0x200009e8                        _sdata = .
 *(.data)
 *(.data*)
 .data.HandlerList
                0x200009e8        0x8 ./Core/Src/Main.o
                0x200009e8                HandlerList
 .data.UpdateList
                0x200009f0        0x8 ./Core/Src/Main.o
                0x200009f0                UpdateList
 .data.InitList
                0x200009f8        0x8 ./Core/Src/Main.o
                0x200009f8                InitList
 .data.SystemCoreClock
                0x20000a00        0x4 ./Core/Src/system_stm32wb0x.o
                0x20000a00                SystemCoreClock
 .data.uwTickFreq
                0x20000a04        0x1 ./Drivers/STM32WB0x_HAL_Driver/Src/stm32wb0x_hal.o
                0x20000a04                uwTickFreq
 *fill*         0x20000a05        0x3 
 .data.uwTickPrio
                0x20000a08        0x4 ./Drivers/STM32WB0x_HAL_Driver/Src/stm32wb0x_hal.o
                0x20000a08                uwTickPrio
 .data._impure_ptr
                0x20000a0c        0x4 C:/ST/STM32CubeIDE_1.17.0/STM32CubeIDE/plugins/com.st.stm32cube.ide.mcu.externaltools.gnu-tools-for-stm32.12.3.rel1.win32_1.1.0.202410251130/tools/bin/../lib/gcc/arm-none-eabi/12.3.1/../../../../arm-none-eabi/lib/thumb/v6-m/nofp\libc_nano.a(libc_a-impure.o)
                0x20000a0c                _impure_ptr
 .data._impure_data
                0x20000a10       0x4c C:/ST/STM32CubeIDE_1.17.0/STM32CubeIDE/plugins/com.st.stm32cube.ide.mcu.externaltools.gnu-tools-for-stm32.12.3.rel1.win32_1.1.0.202410251130/tools/bin/../lib/gcc/arm-none-eabi/12.3.1/../../../../arm-none-eabi/lib/thumb/v6-m/nofp\libc_nano.a(libc_a-impure.o)
                0x20000a10                _impure_data
                0x20000a5c                        . = ALIGN (0x4)
                0x20000a5c                        _edata = .

.igot.plt       0x20000a5c        0x0 load address 0x10043fa8
 .igot.plt      0x20000a5c        0x0 ./Core/Src/BOARD.o

.noinit         0x20000a5c        0x0 load address 0x10043fa8
                0x20000a5c                        . = ALIGN (0x4)
 *(.noinit)
                0x20000a5c                        . = ALIGN (0x4)

.ota_region_end
                0x10043fa8        0x0
                0x10043fa8                        . = ALIGN (0x4)
 *(TAG_OTA_END)
                0x10043fa8                        . = ALIGN (0x4)

.heap           0x20000a5c        0x0
                0x20000a5c                        . = ALIGN (0x4)
                [!provide]                        PROVIDE (end = .)
                0x20000a5c                        PROVIDE (_end = .)
                0x20000a5c                        . = (. + _Min_Heap_Size)
                0x20000a5c                        . = ALIGN (0x4)

.stack          0x20005400      0xc00
                0x20005400                        . = ALIGN (0x4)
                0x20006000                        . = (. + _Min_Stack_Size)
 *fill*         0x20005400      0xc00 
                0x20006000                        . = ALIGN (0x4)
                0x20006000                        _estack = .
                0x20006000                        . = ALIGN (0x4)

.rom_info       0x10000000        0x0
                0x10000000                        . = ALIGN (0x4)
 *(.rom_info)
                0x10000000                        . = ALIGN (0x4)

/DISCARD/
 libc.a(*)
 libm.a(*)
 libgcc.a(*)

.ARM.attributes
                0x00000000       0x28
 *(.ARM.attributes)
 .ARM.attributes
                0x00000000       0x1e C:/ST/STM32CubeIDE_1.17.0/STM32CubeIDE/plugins/com.st.stm32cube.ide.mcu.externaltools.gnu-tools-for-stm32.12.3.rel1.win32_1.1.0.202410251130/tools/bin/../lib/gcc/arm-none-eabi/12.3.1/thumb/v6-m/nofp/crti.o
 .ARM.attributes
                0x0000001e       0x2c ./Core/Src/BOARD.o
 .ARM.attributes
                0x0000004a       0x2c ./Core/Src/COMM.o
 .ARM.attributes
                0x00000076       0x2c ./Core/Src/DiscountIO.o
 .ARM.attributes
                0x000000a2       0x2c ./Core/Src/FIFO.o
 .ARM.attributes
                0x000000ce       0x2c ./Core/Src/GPIO.o
 .ARM.attributes
                0x000000fa       0x2c ./Core/Src/I2C.o
 .ARM.attributes
                0x00000126       0x2c ./Core/Src/Main.o
 .ARM.attributes
                0x00000152       0x2c ./Core/Src/TIMERS.o
 .ARM.attributes
                0x0000017e       0x2c ./Core/Src/UART.o
 .ARM.attributes
                0x000001aa       0x21 ./Core/Src/blue_unit_conversion.o
 .ARM.attributes
                0x000001cb       0x2c ./Core/Src/stm32wb0x_hal_msp.o
 .ARM.attributes
                0x000001f7       0x2c ./Core/Src/stm32wb0x_it.o
 .ARM.attributes
                0x00000223       0x2c ./Core/Src/sysmem.o
 .ARM.attributes
                0x0000024f       0x2c ./Core/Src/system_stm32wb0x.o
 .ARM.attributes
                0x0000027b       0x22 ./Core/Startup/startup_stm32wb05kzvx.o
 .ARM.attributes
                0x0000029d       0x2c ./Drivers/BSP/STM32WB0x-nucleo/stm32wb0x_nucleo.o
 .ARM.attributes
                0x000002c9       0x2c ./Drivers/STM32WB0x_HAL_Driver/Src/stm32wb0x_hal.o
 .ARM.attributes
                0x000002f5       0x2c ./Drivers/STM32WB0x_HAL_Driver/Src/stm32wb0x_hal_cortex.o
 .ARM.attributes
                0x00000321       0x2c ./Drivers/STM32WB0x_HAL_Driver/Src/stm32wb0x_hal_dma.o
 .ARM.attributes
                0x0000034d       0x2c ./Drivers/STM32WB0x_HAL_Driver/Src/stm32wb0x_hal_gpio.o
 .ARM.attributes
                0x00000379       0x2c ./Drivers/STM32WB0x_HAL_Driver/Src/stm32wb0x_hal_i2c.o
 .ARM.attributes
                0x000003a5       0x2c ./Drivers/STM32WB0x_HAL_Driver/Src/stm32wb0x_hal_radio.o
 .ARM.attributes
                0x000003d1       0x2c ./Drivers/STM32WB0x_HAL_Driver/Src/stm32wb0x_hal_radio_timer.o
 .ARM.attributes
                0x000003fd       0x2c ./Drivers/STM32WB0x_HAL_Driver/Src/stm32wb0x_hal_rcc.o
 .ARM.attributes
                0x00000429       0x2c ./Drivers/STM32WB0x_HAL_Driver/Src/stm32wb0x_hal_rcc_ex.o
 .ARM.attributes
                0x00000455       0x2c ./Drivers/STM32WB0x_HAL_Driver/Src/stm32wb0x_hal_tim.o
 .ARM.attributes
                0x00000481       0x2c ./Drivers/STM32WB0x_HAL_Driver/Src/stm32wb0x_hal_tim_ex.o
 .ARM.attributes
                0x000004ad       0x2c ./Drivers/STM32WB0x_HAL_Driver/Src/stm32wb0x_hal_uart.o
 .ARM.attributes
                0x000004d9       0x2c ./Drivers/STM32WB0x_HAL_Driver/Src/stm32wb0x_hal_uart_ex.o
 .ARM.attributes
                0x00000505       0x2c ./Drivers/STM32WB0x_HAL_Driver/Src/stm32wb0x_hal_usart.o
 .ARM.attributes
                0x00000531       0x2c ./Drivers/STM32WB0x_HAL_Driver/Src/stm32wb0x_hal_usart_ex.o
 .ARM.attributes
                0x0000055d       0x2c C:/ST/STM32CubeIDE_1.17.0/STM32CubeIDE/plugins/com.st.stm32cube.ide.mcu.externaltools.gnu-tools-for-stm32.12.3.rel1.win32_1.1.0.202410251130/tools/bin/../lib/gcc/arm-none-eabi/12.3.1/../../../../arm-none-eabi/lib/thumb/v6-m/nofp\libc_nano.a(libc_a-malloc.o)
 .ARM.attributes
                0x00000589       0x2c C:/ST/STM32CubeIDE_1.17.0/STM32CubeIDE/plugins/com.st.stm32cube.ide.mcu.externaltools.gnu-tools-for-stm32.12.3.rel1.win32_1.1.0.202410251130/tools/bin/../lib/gcc/arm-none-eabi/12.3.1/../../../../arm-none-eabi/lib/thumb/v6-m/nofp\libc_nano.a(libc_a-mallocr.o)
 .ARM.attributes
                0x000005b5       0x2c C:/ST/STM32CubeIDE_1.17.0/STM32CubeIDE/plugins/com.st.stm32cube.ide.mcu.externaltools.gnu-tools-for-stm32.12.3.rel1.win32_1.1.0.202410251130/tools/bin/../lib/gcc/arm-none-eabi/12.3.1/../../../../arm-none-eabi/lib/thumb/v6-m/nofp\libc_nano.a(libc_a-mlock.o)
 .ARM.attributes
                0x000005e1       0x2c C:/ST/STM32CubeIDE_1.17.0/STM32CubeIDE/plugins/com.st.stm32cube.ide.mcu.externaltools.gnu-tools-for-stm32.12.3.rel1.win32_1.1.0.202410251130/tools/bin/../lib/gcc/arm-none-eabi/12.3.1/../../../../arm-none-eabi/lib/thumb/v6-m/nofp\libc_nano.a(libc_a-findfp.o)
 .ARM.attributes
                0x0000060d       0x2c C:/ST/STM32CubeIDE_1.17.0/STM32CubeIDE/plugins/com.st.stm32cube.ide.mcu.externaltools.gnu-tools-for-stm32.12.3.rel1.win32_1.1.0.202410251130/tools/bin/../lib/gcc/arm-none-eabi/12.3.1/../../../../arm-none-eabi/lib/thumb/v6-m/nofp\libc_nano.a(libc_a-sprintf.o)
 .ARM.attributes
                0x00000639       0x2c C:/ST/STM32CubeIDE_1.17.0/STM32CubeIDE/plugins/com.st.stm32cube.ide.mcu.externaltools.gnu-tools-for-stm32.12.3.rel1.win32_1.1.0.202410251130/tools/bin/../lib/gcc/arm-none-eabi/12.3.1/../../../../arm-none-eabi/lib/thumb/v6-m/nofp\libc_nano.a(libc_a-memset.o)
 .ARM.attributes
                0x00000665       0x2c C:/ST/STM32CubeIDE_1.17.0/STM32CubeIDE/plugins/com.st.stm32cube.ide.mcu.externaltools.gnu-tools-for-stm32.12.3.rel1.win32_1.1.0.202410251130/tools/bin/../lib/gcc/arm-none-eabi/12.3.1/../../../../arm-none-eabi/lib/thumb/v6-m/nofp\libc_nano.a(libc_a-reent.o)
 .ARM.attributes
                0x00000691       0x2c C:/ST/STM32CubeIDE_1.17.0/STM32CubeIDE/plugins/com.st.stm32cube.ide.mcu.externaltools.gnu-tools-for-stm32.12.3.rel1.win32_1.1.0.202410251130/tools/bin/../lib/gcc/arm-none-eabi/12.3.1/../../../../arm-none-eabi/lib/thumb/v6-m/nofp\libc_nano.a(libc_a-impure.o)
 .ARM.attributes
                0x000006bd       0x2c C:/ST/STM32CubeIDE_1.17.0/STM32CubeIDE/plugins/com.st.stm32cube.ide.mcu.externaltools.gnu-tools-for-stm32.12.3.rel1.win32_1.1.0.202410251130/tools/bin/../lib/gcc/arm-none-eabi/12.3.1/../../../../arm-none-eabi/lib/thumb/v6-m/nofp\libc_nano.a(libc_a-sbrkr.o)
 .ARM.attributes
                0x000006e9       0x2c C:/ST/STM32CubeIDE_1.17.0/STM32CubeIDE/plugins/com.st.stm32cube.ide.mcu.externaltools.gnu-tools-for-stm32.12.3.rel1.win32_1.1.0.202410251130/tools/bin/../lib/gcc/arm-none-eabi/12.3.1/../../../../arm-none-eabi/lib/thumb/v6-m/nofp\libc_nano.a(libc_a-errno.o)
 .ARM.attributes
                0x00000715       0x2c C:/ST/STM32CubeIDE_1.17.0/STM32CubeIDE/plugins/com.st.stm32cube.ide.mcu.externaltools.gnu-tools-for-stm32.12.3.rel1.win32_1.1.0.202410251130/tools/bin/../lib/gcc/arm-none-eabi/12.3.1/../../../../arm-none-eabi/lib/thumb/v6-m/nofp\libc_nano.a(libc_a-lock.o)
 .ARM.attributes
                0x00000741       0x2c C:/ST/STM32CubeIDE_1.17.0/STM32CubeIDE/plugins/com.st.stm32cube.ide.mcu.externaltools.gnu-tools-for-stm32.12.3.rel1.win32_1.1.0.202410251130/tools/bin/../lib/gcc/arm-none-eabi/12.3.1/../../../../arm-none-eabi/lib/thumb/v6-m/nofp\libc_nano.a(libc_a-memcpy-stub.o)
 .ARM.attributes
                0x0000076d       0x1c C:/ST/STM32CubeIDE_1.17.0/STM32CubeIDE/plugins/com.st.stm32cube.ide.mcu.externaltools.gnu-tools-for-stm32.12.3.rel1.win32_1.1.0.202410251130/tools/bin/../lib/gcc/arm-none-eabi/12.3.1/../../../../arm-none-eabi/lib/thumb/v6-m/nofp\libc_nano.a(libc_a-strlen.o)
 .ARM.attributes
                0x00000789       0x2c C:/ST/STM32CubeIDE_1.17.0/STM32CubeIDE/plugins/com.st.stm32cube.ide.mcu.externaltools.gnu-tools-for-stm32.12.3.rel1.win32_1.1.0.202410251130/tools/bin/../lib/gcc/arm-none-eabi/12.3.1/../../../../arm-none-eabi/lib/thumb/v6-m/nofp\libc_nano.a(libc_a-freer.o)
 .ARM.attributes
                0x000007b5       0x2c C:/ST/STM32CubeIDE_1.17.0/STM32CubeIDE/plugins/com.st.stm32cube.ide.mcu.externaltools.gnu-tools-for-stm32.12.3.rel1.win32_1.1.0.202410251130/tools/bin/../lib/gcc/arm-none-eabi/12.3.1/../../../../arm-none-eabi/lib/thumb/v6-m/nofp\libc_nano.a(libc_a-nano-svfprintf.o)
 .ARM.attributes
                0x000007e1       0x2c C:/ST/STM32CubeIDE_1.17.0/STM32CubeIDE/plugins/com.st.stm32cube.ide.mcu.externaltools.gnu-tools-for-stm32.12.3.rel1.win32_1.1.0.202410251130/tools/bin/../lib/gcc/arm-none-eabi/12.3.1/../../../../arm-none-eabi/lib/thumb/v6-m/nofp\libc_nano.a(libc_a-nano-vfprintf_i.o)
 .ARM.attributes
                0x0000080d       0x2c C:/ST/STM32CubeIDE_1.17.0/STM32CubeIDE/plugins/com.st.stm32cube.ide.mcu.externaltools.gnu-tools-for-stm32.12.3.rel1.win32_1.1.0.202410251130/tools/bin/../lib/gcc/arm-none-eabi/12.3.1/../../../../arm-none-eabi/lib/thumb/v6-m/nofp\libc_nano.a(libc_a-memmove.o)
 .ARM.attributes
                0x00000839       0x2c C:/ST/STM32CubeIDE_1.17.0/STM32CubeIDE/plugins/com.st.stm32cube.ide.mcu.externaltools.gnu-tools-for-stm32.12.3.rel1.win32_1.1.0.202410251130/tools/bin/../lib/gcc/arm-none-eabi/12.3.1/../../../../arm-none-eabi/lib/thumb/v6-m/nofp\libc_nano.a(libc_a-memchr-stub.o)
 .ARM.attributes
                0x00000865       0x2c C:/ST/STM32CubeIDE_1.17.0/STM32CubeIDE/plugins/com.st.stm32cube.ide.mcu.externaltools.gnu-tools-for-stm32.12.3.rel1.win32_1.1.0.202410251130/tools/bin/../lib/gcc/arm-none-eabi/12.3.1/../../../../arm-none-eabi/lib/thumb/v6-m/nofp\libc_nano.a(libc_a-reallocr.o)
 .ARM.attributes
                0x00000891       0x2c C:/ST/STM32CubeIDE_1.17.0/STM32CubeIDE/plugins/com.st.stm32cube.ide.mcu.externaltools.gnu-tools-for-stm32.12.3.rel1.win32_1.1.0.202410251130/tools/bin/../lib/gcc/arm-none-eabi/12.3.1/../../../../arm-none-eabi/lib/thumb/v6-m/nofp\libc_nano.a(libc_a-msizer.o)
 .ARM.attributes
                0x000008bd       0x1e C:/ST/STM32CubeIDE_1.17.0/STM32CubeIDE/plugins/com.st.stm32cube.ide.mcu.externaltools.gnu-tools-for-stm32.12.3.rel1.win32_1.1.0.202410251130/tools/bin/../lib/gcc/arm-none-eabi/12.3.1/thumb/v6-m/nofp\libgcc.a(_thumb1_case_uqi.o)
 .ARM.attributes
                0x000008db       0x1e C:/ST/STM32CubeIDE_1.17.0/STM32CubeIDE/plugins/com.st.stm32cube.ide.mcu.externaltools.gnu-tools-for-stm32.12.3.rel1.win32_1.1.0.202410251130/tools/bin/../lib/gcc/arm-none-eabi/12.3.1/thumb/v6-m/nofp\libgcc.a(_thumb1_case_shi.o)
 .ARM.attributes
                0x000008f9       0x1e C:/ST/STM32CubeIDE_1.17.0/STM32CubeIDE/plugins/com.st.stm32cube.ide.mcu.externaltools.gnu-tools-for-stm32.12.3.rel1.win32_1.1.0.202410251130/tools/bin/../lib/gcc/arm-none-eabi/12.3.1/thumb/v6-m/nofp\libgcc.a(_udivsi3.o)
 .ARM.attributes
                0x00000917       0x1e C:/ST/STM32CubeIDE_1.17.0/STM32CubeIDE/plugins/com.st.stm32cube.ide.mcu.externaltools.gnu-tools-for-stm32.12.3.rel1.win32_1.1.0.202410251130/tools/bin/../lib/gcc/arm-none-eabi/12.3.1/thumb/v6-m/nofp\libgcc.a(_divsi3.o)
 .ARM.attributes
                0x00000935       0x1e C:/ST/STM32CubeIDE_1.17.0/STM32CubeIDE/plugins/com.st.stm32cube.ide.mcu.externaltools.gnu-tools-for-stm32.12.3.rel1.win32_1.1.0.202410251130/tools/bin/../lib/gcc/arm-none-eabi/12.3.1/thumb/v6-m/nofp\libgcc.a(_dvmd_tls.o)
 .ARM.attributes
                0x00000953       0x1e C:/ST/STM32CubeIDE_1.17.0/STM32CubeIDE/plugins/com.st.stm32cube.ide.mcu.externaltools.gnu-tools-for-stm32.12.3.rel1.win32_1.1.0.202410251130/tools/bin/../lib/gcc/arm-none-eabi/12.3.1/thumb/v6-m/nofp\libgcc.a(_aeabi_uldivmod.o)
 .ARM.attributes
                0x00000971       0x2c C:/ST/STM32CubeIDE_1.17.0/STM32CubeIDE/plugins/com.st.stm32cube.ide.mcu.externaltools.gnu-tools-for-stm32.12.3.rel1.win32_1.1.0.202410251130/tools/bin/../lib/gcc/arm-none-eabi/12.3.1/thumb/v6-m/nofp\libgcc.a(_udivmoddi4.o)
 .ARM.attributes
                0x0000099d       0x1e C:/ST/STM32CubeIDE_1.17.0/STM32CubeIDE/plugins/com.st.stm32cube.ide.mcu.externaltools.gnu-tools-for-stm32.12.3.rel1.win32_1.1.0.202410251130/tools/bin/../lib/gcc/arm-none-eabi/12.3.1/thumb/v6-m/nofp\libgcc.a(_clzdi2.o)
 .ARM.attributes
                0x000009bb       0x1e C:/ST/STM32CubeIDE_1.17.0/STM32CubeIDE/plugins/com.st.stm32cube.ide.mcu.externaltools.gnu-tools-for-stm32.12.3.rel1.win32_1.1.0.202410251130/tools/bin/../lib/gcc/arm-none-eabi/12.3.1/thumb/v6-m/nofp\libgcc.a(_clzsi2.o)
OUTPUT(WildlifeSource.elf elf32-littlearm)
LOAD linker stubs
LOAD C:/ST/STM32CubeIDE_1.17.0/STM32CubeIDE/plugins/com.st.stm32cube.ide.mcu.externaltools.gnu-tools-for-stm32.12.3.rel1.win32_1.1.0.202410251130/tools/bin/../lib/gcc/arm-none-eabi/12.3.1/../../../../arm-none-eabi/lib/thumb/v6-m/nofp\libc.a
LOAD C:/ST/STM32CubeIDE_1.17.0/STM32CubeIDE/plugins/com.st.stm32cube.ide.mcu.externaltools.gnu-tools-for-stm32.12.3.rel1.win32_1.1.0.202410251130/tools/bin/../lib/gcc/arm-none-eabi/12.3.1/../../../../arm-none-eabi/lib/thumb/v6-m/nofp\libm.a
LOAD C:/ST/STM32CubeIDE_1.17.0/STM32CubeIDE/plugins/com.st.stm32cube.ide.mcu.externaltools.gnu-tools-for-stm32.12.3.rel1.win32_1.1.0.202410251130/tools/bin/../lib/gcc/arm-none-eabi/12.3.1/thumb/v6-m/nofp\libgcc.a

.comment        0x00000000       0x43
 .comment       0x00000000       0x43 ./Core/Src/BOARD.o
                                 0x44 (size before relaxing)
 .comment       0x00000043       0x44 ./Core/Src/COMM.o
 .comment       0x00000043       0x44 ./Core/Src/DiscountIO.o
 .comment       0x00000043       0x44 ./Core/Src/FIFO.o
 .comment       0x00000043       0x44 ./Core/Src/GPIO.o
 .comment       0x00000043       0x44 ./Core/Src/I2C.o
 .comment       0x00000043       0x44 ./Core/Src/Main.o
 .comment       0x00000043       0x44 ./Core/Src/TIMERS.o
 .comment       0x00000043       0x44 ./Core/Src/UART.o
 .comment       0x00000043       0x44 ./Core/Src/stm32wb0x_hal_msp.o
 .comment       0x00000043       0x44 ./Core/Src/stm32wb0x_it.o
 .comment       0x00000043       0x44 ./Core/Src/sysmem.o
 .comment       0x00000043       0x44 ./Core/Src/system_stm32wb0x.o
 .comment       0x00000043       0x44 ./Drivers/BSP/STM32WB0x-nucleo/stm32wb0x_nucleo.o
 .comment       0x00000043       0x44 ./Drivers/STM32WB0x_HAL_Driver/Src/stm32wb0x_hal.o
 .comment       0x00000043       0x44 ./Drivers/STM32WB0x_HAL_Driver/Src/stm32wb0x_hal_cortex.o
 .comment       0x00000043       0x44 ./Drivers/STM32WB0x_HAL_Driver/Src/stm32wb0x_hal_dma.o
 .comment       0x00000043       0x44 ./Drivers/STM32WB0x_HAL_Driver/Src/stm32wb0x_hal_gpio.o
 .comment       0x00000043       0x44 ./Drivers/STM32WB0x_HAL_Driver/Src/stm32wb0x_hal_i2c.o
 .comment       0x00000043       0x44 ./Drivers/STM32WB0x_HAL_Driver/Src/stm32wb0x_hal_radio.o
 .comment       0x00000043       0x44 ./Drivers/STM32WB0x_HAL_Driver/Src/stm32wb0x_hal_radio_timer.o
 .comment       0x00000043       0x44 ./Drivers/STM32WB0x_HAL_Driver/Src/stm32wb0x_hal_rcc.o
 .comment       0x00000043       0x44 ./Drivers/STM32WB0x_HAL_Driver/Src/stm32wb0x_hal_rcc_ex.o
 .comment       0x00000043       0x44 ./Drivers/STM32WB0x_HAL_Driver/Src/stm32wb0x_hal_tim.o
 .comment       0x00000043       0x44 ./Drivers/STM32WB0x_HAL_Driver/Src/stm32wb0x_hal_tim_ex.o
 .comment       0x00000043       0x44 ./Drivers/STM32WB0x_HAL_Driver/Src/stm32wb0x_hal_uart.o
 .comment       0x00000043       0x44 ./Drivers/STM32WB0x_HAL_Driver/Src/stm32wb0x_hal_uart_ex.o
 .comment       0x00000043       0x44 ./Drivers/STM32WB0x_HAL_Driver/Src/stm32wb0x_hal_usart.o
 .comment       0x00000043       0x44 ./Drivers/STM32WB0x_HAL_Driver/Src/stm32wb0x_hal_usart_ex.o

.debug_frame    0x00000000      0x5cc
 .debug_frame   0x00000000       0x40 C:/ST/STM32CubeIDE_1.17.0/STM32CubeIDE/plugins/com.st.stm32cube.ide.mcu.externaltools.gnu-tools-for-stm32.12.3.rel1.win32_1.1.0.202410251130/tools/bin/../lib/gcc/arm-none-eabi/12.3.1/../../../../arm-none-eabi/lib/thumb/v6-m/nofp\libc_nano.a(libc_a-malloc.o)
 .debug_frame   0x00000040       0x50 C:/ST/STM32CubeIDE_1.17.0/STM32CubeIDE/plugins/com.st.stm32cube.ide.mcu.externaltools.gnu-tools-for-stm32.12.3.rel1.win32_1.1.0.202410251130/tools/bin/../lib/gcc/arm-none-eabi/12.3.1/../../../../arm-none-eabi/lib/thumb/v6-m/nofp\libc_nano.a(libc_a-mallocr.o)
 .debug_frame   0x00000090       0x40 C:/ST/STM32CubeIDE_1.17.0/STM32CubeIDE/plugins/com.st.stm32cube.ide.mcu.externaltools.gnu-tools-for-stm32.12.3.rel1.win32_1.1.0.202410251130/tools/bin/../lib/gcc/arm-none-eabi/12.3.1/../../../../arm-none-eabi/lib/thumb/v6-m/nofp\libc_nano.a(libc_a-mlock.o)
 .debug_frame   0x000000d0      0x138 C:/ST/STM32CubeIDE_1.17.0/STM32CubeIDE/plugins/com.st.stm32cube.ide.mcu.externaltools.gnu-tools-for-stm32.12.3.rel1.win32_1.1.0.202410251130/tools/bin/../lib/gcc/arm-none-eabi/12.3.1/../../../../arm-none-eabi/lib/thumb/v6-m/nofp\libc_nano.a(libc_a-findfp.o)
 .debug_frame   0x00000208       0x48 C:/ST/STM32CubeIDE_1.17.0/STM32CubeIDE/plugins/com.st.stm32cube.ide.mcu.externaltools.gnu-tools-for-stm32.12.3.rel1.win32_1.1.0.202410251130/tools/bin/../lib/gcc/arm-none-eabi/12.3.1/../../../../arm-none-eabi/lib/thumb/v6-m/nofp\libc_nano.a(libc_a-sprintf.o)
 .debug_frame   0x00000250       0x20 C:/ST/STM32CubeIDE_1.17.0/STM32CubeIDE/plugins/com.st.stm32cube.ide.mcu.externaltools.gnu-tools-for-stm32.12.3.rel1.win32_1.1.0.202410251130/tools/bin/../lib/gcc/arm-none-eabi/12.3.1/../../../../arm-none-eabi/lib/thumb/v6-m/nofp\libc_nano.a(libc_a-memset.o)
 .debug_frame   0x00000270       0x2c C:/ST/STM32CubeIDE_1.17.0/STM32CubeIDE/plugins/com.st.stm32cube.ide.mcu.externaltools.gnu-tools-for-stm32.12.3.rel1.win32_1.1.0.202410251130/tools/bin/../lib/gcc/arm-none-eabi/12.3.1/../../../../arm-none-eabi/lib/thumb/v6-m/nofp\libc_nano.a(libc_a-reent.o)
 .debug_frame   0x0000029c       0x2c C:/ST/STM32CubeIDE_1.17.0/STM32CubeIDE/plugins/com.st.stm32cube.ide.mcu.externaltools.gnu-tools-for-stm32.12.3.rel1.win32_1.1.0.202410251130/tools/bin/../lib/gcc/arm-none-eabi/12.3.1/../../../../arm-none-eabi/lib/thumb/v6-m/nofp\libc_nano.a(libc_a-sbrkr.o)
 .debug_frame   0x000002c8       0x20 C:/ST/STM32CubeIDE_1.17.0/STM32CubeIDE/plugins/com.st.stm32cube.ide.mcu.externaltools.gnu-tools-for-stm32.12.3.rel1.win32_1.1.0.202410251130/tools/bin/../lib/gcc/arm-none-eabi/12.3.1/../../../../arm-none-eabi/lib/thumb/v6-m/nofp\libc_nano.a(libc_a-errno.o)
 .debug_frame   0x000002e8       0xb0 C:/ST/STM32CubeIDE_1.17.0/STM32CubeIDE/plugins/com.st.stm32cube.ide.mcu.externaltools.gnu-tools-for-stm32.12.3.rel1.win32_1.1.0.202410251130/tools/bin/../lib/gcc/arm-none-eabi/12.3.1/../../../../arm-none-eabi/lib/thumb/v6-m/nofp\libc_nano.a(libc_a-lock.o)
 .debug_frame   0x00000398       0x28 C:/ST/STM32CubeIDE_1.17.0/STM32CubeIDE/plugins/com.st.stm32cube.ide.mcu.externaltools.gnu-tools-for-stm32.12.3.rel1.win32_1.1.0.202410251130/tools/bin/../lib/gcc/arm-none-eabi/12.3.1/../../../../arm-none-eabi/lib/thumb/v6-m/nofp\libc_nano.a(libc_a-memcpy-stub.o)
 .debug_frame   0x000003c0       0x2c C:/ST/STM32CubeIDE_1.17.0/STM32CubeIDE/plugins/com.st.stm32cube.ide.mcu.externaltools.gnu-tools-for-stm32.12.3.rel1.win32_1.1.0.202410251130/tools/bin/../lib/gcc/arm-none-eabi/12.3.1/../../../../arm-none-eabi/lib/thumb/v6-m/nofp\libc_nano.a(libc_a-freer.o)
 .debug_frame   0x000003ec       0x74 C:/ST/STM32CubeIDE_1.17.0/STM32CubeIDE/plugins/com.st.stm32cube.ide.mcu.externaltools.gnu-tools-for-stm32.12.3.rel1.win32_1.1.0.202410251130/tools/bin/../lib/gcc/arm-none-eabi/12.3.1/../../../../arm-none-eabi/lib/thumb/v6-m/nofp\libc_nano.a(libc_a-nano-svfprintf.o)
 .debug_frame   0x00000460       0x54 C:/ST/STM32CubeIDE_1.17.0/STM32CubeIDE/plugins/com.st.stm32cube.ide.mcu.externaltools.gnu-tools-for-stm32.12.3.rel1.win32_1.1.0.202410251130/tools/bin/../lib/gcc/arm-none-eabi/12.3.1/../../../../arm-none-eabi/lib/thumb/v6-m/nofp\libc_nano.a(libc_a-nano-vfprintf_i.o)
 .debug_frame   0x000004b4       0x28 C:/ST/STM32CubeIDE_1.17.0/STM32CubeIDE/plugins/com.st.stm32cube.ide.mcu.externaltools.gnu-tools-for-stm32.12.3.rel1.win32_1.1.0.202410251130/tools/bin/../lib/gcc/arm-none-eabi/12.3.1/../../../../arm-none-eabi/lib/thumb/v6-m/nofp\libc_nano.a(libc_a-memmove.o)
 .debug_frame   0x000004dc       0x20 C:/ST/STM32CubeIDE_1.17.0/STM32CubeIDE/plugins/com.st.stm32cube.ide.mcu.externaltools.gnu-tools-for-stm32.12.3.rel1.win32_1.1.0.202410251130/tools/bin/../lib/gcc/arm-none-eabi/12.3.1/../../../../arm-none-eabi/lib/thumb/v6-m/nofp\libc_nano.a(libc_a-memchr-stub.o)
 .debug_frame   0x000004fc       0x34 C:/ST/STM32CubeIDE_1.17.0/STM32CubeIDE/plugins/com.st.stm32cube.ide.mcu.externaltools.gnu-tools-for-stm32.12.3.rel1.win32_1.1.0.202410251130/tools/bin/../lib/gcc/arm-none-eabi/12.3.1/../../../../arm-none-eabi/lib/thumb/v6-m/nofp\libc_nano.a(libc_a-reallocr.o)
 .debug_frame   0x00000530       0x20 C:/ST/STM32CubeIDE_1.17.0/STM32CubeIDE/plugins/com.st.stm32cube.ide.mcu.externaltools.gnu-tools-for-stm32.12.3.rel1.win32_1.1.0.202410251130/tools/bin/../lib/gcc/arm-none-eabi/12.3.1/../../../../arm-none-eabi/lib/thumb/v6-m/nofp\libc_nano.a(libc_a-msizer.o)
 .debug_frame   0x00000550       0x20 C:/ST/STM32CubeIDE_1.17.0/STM32CubeIDE/plugins/com.st.stm32cube.ide.mcu.externaltools.gnu-tools-for-stm32.12.3.rel1.win32_1.1.0.202410251130/tools/bin/../lib/gcc/arm-none-eabi/12.3.1/thumb/v6-m/nofp\libgcc.a(_udivsi3.o)
 .debug_frame   0x00000570       0x20 C:/ST/STM32CubeIDE_1.17.0/STM32CubeIDE/plugins/com.st.stm32cube.ide.mcu.externaltools.gnu-tools-for-stm32.12.3.rel1.win32_1.1.0.202410251130/tools/bin/../lib/gcc/arm-none-eabi/12.3.1/thumb/v6-m/nofp\libgcc.a(_divsi3.o)
 .debug_frame   0x00000590       0x3c C:/ST/STM32CubeIDE_1.17.0/STM32CubeIDE/plugins/com.st.stm32cube.ide.mcu.externaltools.gnu-tools-for-stm32.12.3.rel1.win32_1.1.0.202410251130/tools/bin/../lib/gcc/arm-none-eabi/12.3.1/thumb/v6-m/nofp\libgcc.a(_udivmoddi4.o)
