../Core/Src/stm32wb0x_it.c:71:6:NMI_Handler	0	static
../Core/Src/stm32wb0x_it.c:86:6:HardFault_Handler	0	static
../Core/Src/stm32wb0x_it.c:101:6:SVC_Handler	0	static
../Core/Src/stm32wb0x_it.c:114:6:PendSV_Handler	0	static
../Core/Src/stm32wb0x_it.c:127:6:SysTick_Handler	8	static
../Core/Src/stm32wb0x_it.c:153:6:RADIO_TIMER_CPU_WKUP_IRQHandler	8	static
../Core/Src/stm32wb0x_it.c:167:6:RADIO_TIMER_ERROR_IRQHandler	8	static
../Core/Src/stm32wb0x_it.c:181:6:RADIO_TXRX_IRQHandler	8	static
../Core/Src/stm32wb0x_it.c:195:6:RADIO_TXRX_SEQ_IRQHandler	8	static
