../Drivers/STM32WB0x_HAL_Driver/Inc/stm32wb0x_ll_pwr.h:485:22:LL_PWR_SetPowerMode	16	static
../Drivers/STM32WB0x_HAL_Driver/Inc/stm32wb0x_ll_pwr.h:747:22:LL_PWR_DisableGPIORET	8	static
../Drivers/STM32WB0x_HAL_Driver/Inc/stm32wb0x_ll_pwr.h:1840:22:LL_PWR_ClearWakeupSource	16	static
../Drivers/STM32WB0x_HAL_Driver/Inc/stm32wb0x_ll_pwr.h:2723:22:LL_PWR_SetNoPullB	16	static
../Drivers/STM32WB0x_HAL_Driver/Inc/stm32wb0x_ll_rcc.h:508:26:LL_RCC_HSE_IsReady	8	static
../Drivers/STM32WB0x_HAL_Driver/Inc/stm32wb0x_ll_rcc.h:722:22:LL_RCC_DIRECT_HSE_Enable	16	static,ignoring_inline_asm
../Drivers/STM32WB0x_HAL_Driver/Inc/stm32wb0x_ll_rcc.h:750:26:LL_RCC_DIRECT_HSE_IsEnabled	8	static
../Drivers/STM32WB0x_HAL_Driver/Inc/stm32wb0x_ll_rcc.h:864:22:LL_RCC_LSE_Enable	8	static
../Drivers/STM32WB0x_HAL_Driver/Inc/stm32wb0x_ll_rcc.h:884:26:LL_RCC_LSE_IsEnabled	8	static
../Drivers/STM32WB0x_HAL_Driver/Inc/stm32wb0x_ll_rcc.h:894:26:LL_RCC_LSE_IsReady	8	static
../Drivers/STM32WB0x_HAL_Driver/Inc/stm32wb0x_ll_rcc.h:972:22:LL_RCC_LSI_Enable	8	static
../Drivers/STM32WB0x_HAL_Driver/Inc/stm32wb0x_ll_rcc.h:992:26:LL_RCC_LSI_IsEnabled	8	static
../Drivers/STM32WB0x_HAL_Driver/Inc/stm32wb0x_ll_rcc.h:1002:26:LL_RCC_LSI_IsReady	8	static
../Drivers/STM32WB0x_HAL_Driver/Inc/stm32wb0x_ll_rcc.h:1483:22:LL_RCC_RC64MPLL_Disable	8	static
../Drivers/STM32WB0x_HAL_Driver/Inc/stm32wb0x_ll_bus.h:659:26:LL_APB2_GRP1_IsEnabledClock	16	static
../Projects/Common/BLE/Interfaces/stm32_lpm_if.c:98:16:checkMinWakeUpTime	24	static
../Projects/Common/BLE/Interfaces/stm32_lpm_if.c:119:6:PWR_EnterOffMode	32	static
../Projects/Common/BLE/Interfaces/stm32_lpm_if.c:186:6:PWR_ExitOffMode	24	static
../Projects/Common/BLE/Interfaces/stm32_lpm_if.c:263:6:PWR_EnterStopMode	32	static
../Projects/Common/BLE/Interfaces/stm32_lpm_if.c:331:6:PWR_ExitStopMode	24	static
../Projects/Common/BLE/Interfaces/stm32_lpm_if.c:381:6:PWR_EnterSleepMode	8	static
../Projects/Common/BLE/Interfaces/stm32_lpm_if.c:389:6:PWR_ExitSleepMode	8	static
