../Drivers/STM32WB0x_HAL_Driver/Src/stm32wb0x_hal_uart.c:3661:13:UART_EndTxTransfer	12	static,ignoring_inline_asm
../Drivers/STM32WB0x_HAL_Driver/Src/stm32wb0x_hal_uart.c:3678:13:UART_EndRxTransfer	12	static,ignoring_inline_asm
../Drivers/STM32WB0x_HAL_Driver/Src/stm32wb0x_hal_uart.c:4092:13:UART_TxISR_8BIT.part.0	12	static,ignoring_inline_asm
../Drivers/STM32WB0x_HAL_Driver/Src/stm32wb0x_hal_uart.c:4092:13:UART_TxISR_8BIT	8	static
../Drivers/STM32WB0x_HAL_Driver/Src/stm32wb0x_hal_uart.c:4121:13:UART_TxISR_16BIT	8	static
../Drivers/STM32WB0x_HAL_Driver/Src/stm32wb0x_hal_uart.c:4153:13:UART_TxISR_8BIT_FIFOEN	16	static,ignoring_inline_asm
../Drivers/STM32WB0x_HAL_Driver/Src/stm32wb0x_hal_uart.c:4193:13:UART_TxISR_16BIT_FIFOEN	16	static,ignoring_inline_asm
../Drivers/STM32WB0x_HAL_Driver/Src/stm32wb0x_hal_uart.c:681:13:HAL_UART_MspInit	0	static
../Drivers/STM32WB0x_HAL_Driver/Src/stm32wb0x_hal_uart.c:696:13:HAL_UART_MspDeInit	0	static
../Drivers/STM32WB0x_HAL_Driver/Src/stm32wb0x_hal_uart.c:634:19:HAL_UART_DeInit	16	static
../Drivers/STM32WB0x_HAL_Driver/Src/stm32wb0x_hal_uart.c:1338:19:HAL_UART_Transmit_IT	12	static,ignoring_inline_asm
../Drivers/STM32WB0x_HAL_Driver/Src/stm32wb0x_hal_uart.c:1480:19:HAL_UART_Transmit_DMA	32	static,ignoring_inline_asm
../Drivers/STM32WB0x_HAL_Driver/Src/stm32wb0x_hal_uart.c:1613:19:HAL_UART_DMAPause	16	static,ignoring_inline_asm
../Drivers/STM32WB0x_HAL_Driver/Src/stm32wb0x_hal_uart.c:1643:19:HAL_UART_DMAResume	8	static,ignoring_inline_asm
../Drivers/STM32WB0x_HAL_Driver/Src/stm32wb0x_hal_uart.c:1674:19:HAL_UART_DMAStop	16	static,ignoring_inline_asm
../Drivers/STM32WB0x_HAL_Driver/Src/stm32wb0x_hal_uart.c:1750:19:HAL_UART_Abort	16	static,ignoring_inline_asm
../Drivers/STM32WB0x_HAL_Driver/Src/stm32wb0x_hal_uart.c:1855:19:HAL_UART_AbortTransmit	16	static,ignoring_inline_asm
../Drivers/STM32WB0x_HAL_Driver/Src/stm32wb0x_hal_uart.c:1916:19:HAL_UART_AbortReceive	16	static,ignoring_inline_asm
../Drivers/STM32WB0x_HAL_Driver/Src/stm32wb0x_hal_uart.c:2691:13:HAL_UART_TxCpltCallback	0	static
../Drivers/STM32WB0x_HAL_Driver/Src/stm32wb0x_hal_uart.c:3705:13:UART_DMATransmitCplt	16	static,ignoring_inline_asm
../Drivers/STM32WB0x_HAL_Driver/Src/stm32wb0x_hal_uart.c:2706:13:HAL_UART_TxHalfCpltCallback	0	static
../Drivers/STM32WB0x_HAL_Driver/Src/stm32wb0x_hal_uart.c:3739:13:UART_DMATxHalfCplt	8	static
../Drivers/STM32WB0x_HAL_Driver/Src/stm32wb0x_hal_uart.c:2721:13:HAL_UART_RxCpltCallback	0	static
../Drivers/STM32WB0x_HAL_Driver/Src/stm32wb0x_hal_uart.c:2736:13:HAL_UART_RxHalfCpltCallback	0	static
../Drivers/STM32WB0x_HAL_Driver/Src/stm32wb0x_hal_uart.c:2751:13:HAL_UART_ErrorCallback	0	static
../Drivers/STM32WB0x_HAL_Driver/Src/stm32wb0x_hal_uart.c:3856:13:UART_DMAError	16	static
../Drivers/STM32WB0x_HAL_Driver/Src/stm32wb0x_hal_uart.c:3896:13:UART_DMAAbortOnError	8	static
../Drivers/STM32WB0x_HAL_Driver/Src/stm32wb0x_hal_uart.c:2766:13:HAL_UART_AbortCpltCallback	0	static
../Drivers/STM32WB0x_HAL_Driver/Src/stm32wb0x_hal_uart.c:1986:19:HAL_UART_Abort_IT	16	static,ignoring_inline_asm
../Drivers/STM32WB0x_HAL_Driver/Src/stm32wb0x_hal_uart.c:3973:13:UART_DMARxAbortCallback	8	static
../Drivers/STM32WB0x_HAL_Driver/Src/stm32wb0x_hal_uart.c:3918:13:UART_DMATxAbortCallback	8	static
../Drivers/STM32WB0x_HAL_Driver/Src/stm32wb0x_hal_uart.c:2781:13:HAL_UART_AbortTransmitCpltCallback	0	static
../Drivers/STM32WB0x_HAL_Driver/Src/stm32wb0x_hal_uart.c:2141:19:HAL_UART_AbortTransmit_IT	16	static,ignoring_inline_asm
../Drivers/STM32WB0x_HAL_Driver/Src/stm32wb0x_hal_uart.c:4025:13:UART_DMATxOnlyAbortCallback	8	static
../Drivers/STM32WB0x_HAL_Driver/Src/stm32wb0x_hal_uart.c:2796:13:HAL_UART_AbortReceiveCpltCallback	0	static
../Drivers/STM32WB0x_HAL_Driver/Src/stm32wb0x_hal_uart.c:2234:19:HAL_UART_AbortReceive_IT	16	static,ignoring_inline_asm
../Drivers/STM32WB0x_HAL_Driver/Src/stm32wb0x_hal_uart.c:4058:13:UART_DMARxOnlyAbortCallback	8	static
../Drivers/STM32WB0x_HAL_Driver/Src/stm32wb0x_hal_uart.c:2813:13:HAL_UARTEx_RxEventCallback	0	static
../Drivers/STM32WB0x_HAL_Driver/Src/stm32wb0x_hal_uart.c:2329:6:HAL_UART_IRQHandler	32	static,ignoring_inline_asm
../Drivers/STM32WB0x_HAL_Driver/Src/stm32wb0x_hal_uart.c:4259:13:UART_RxISR_8BIT	24	static,ignoring_inline_asm
../Drivers/STM32WB0x_HAL_Driver/Src/stm32wb0x_hal_uart.c:4350:13:UART_RxISR_16BIT	24	static,ignoring_inline_asm
../Drivers/STM32WB0x_HAL_Driver/Src/stm32wb0x_hal_uart.c:4443:13:UART_RxISR_8BIT_FIFOEN	40	static,ignoring_inline_asm
../Drivers/STM32WB0x_HAL_Driver/Src/stm32wb0x_hal_uart.c:4606:13:UART_RxISR_16BIT_FIFOEN	40	static,ignoring_inline_asm
../Drivers/STM32WB0x_HAL_Driver/Src/stm32wb0x_hal_uart.c:3818:13:UART_DMARxHalfCplt	8	static
../Drivers/STM32WB0x_HAL_Driver/Src/stm32wb0x_hal_uart.c:3757:13:UART_DMAReceiveCplt	16	static,ignoring_inline_asm
../Drivers/STM32WB0x_HAL_Driver/Src/stm32wb0x_hal_uart.c:2861:6:HAL_UART_ReceiverTimeout_Config	8	static
../Drivers/STM32WB0x_HAL_Driver/Src/stm32wb0x_hal_uart.c:2876:19:HAL_UART_EnableReceiverTimeout	12	static
../Drivers/STM32WB0x_HAL_Driver/Src/stm32wb0x_hal_uart.c:2914:19:HAL_UART_DisableReceiverTimeout	12	static
../Drivers/STM32WB0x_HAL_Driver/Src/stm32wb0x_hal_uart.c:2992:6:HAL_MultiProcessor_EnterMuteMode	0	static
../Drivers/STM32WB0x_HAL_Driver/Src/stm32wb0x_hal_uart.c:3002:19:HAL_HalfDuplex_EnableTransmitter	20	static,ignoring_inline_asm
../Drivers/STM32WB0x_HAL_Driver/Src/stm32wb0x_hal_uart.c:3025:19:HAL_HalfDuplex_EnableReceiver	20	static,ignoring_inline_asm
../Drivers/STM32WB0x_HAL_Driver/Src/stm32wb0x_hal_uart.c:3049:19:HAL_LIN_SendBreak	8	static
../Drivers/STM32WB0x_HAL_Driver/Src/stm32wb0x_hal_uart.c:3094:23:HAL_UART_GetState	0	static
../Drivers/STM32WB0x_HAL_Driver/Src/stm32wb0x_hal_uart.c:3110:10:HAL_UART_GetError	0	static
../Drivers/STM32WB0x_HAL_Driver/Src/stm32wb0x_hal_uart.c:3160:19:UART_SetConfig	24	static
../Drivers/STM32WB0x_HAL_Driver/Src/stm32wb0x_hal_uart.c:3318:6:UART_AdvFeatureConfig	12	static
../Drivers/STM32WB0x_HAL_Driver/Src/stm32wb0x_hal_uart.c:3463:19:UART_WaitOnFlagUntilTimeout	32	static
../Drivers/STM32WB0x_HAL_Driver/Src/stm32wb0x_hal_uart.c:1132:19:HAL_UART_Transmit	48	static
../Drivers/STM32WB0x_HAL_Driver/Src/stm32wb0x_hal_uart.c:1238:19:HAL_UART_Receive	48	static
../Drivers/STM32WB0x_HAL_Driver/Src/stm32wb0x_hal_uart.c:3394:19:UART_CheckIdleState	24	static,ignoring_inline_asm
../Drivers/STM32WB0x_HAL_Driver/Src/stm32wb0x_hal_uart.c:309:19:HAL_UART_Init	16	static
../Drivers/STM32WB0x_HAL_Driver/Src/stm32wb0x_hal_uart.c:384:19:HAL_HalfDuplex_Init	16	static
../Drivers/STM32WB0x_HAL_Driver/Src/stm32wb0x_hal_uart.c:459:19:HAL_LIN_Init	16	static
../Drivers/STM32WB0x_HAL_Driver/Src/stm32wb0x_hal_uart.c:558:19:HAL_MultiProcessor_Init	24	static
../Drivers/STM32WB0x_HAL_Driver/Src/stm32wb0x_hal_uart.c:2952:19:HAL_MultiProcessor_EnableMuteMode	16	static,ignoring_inline_asm
../Drivers/STM32WB0x_HAL_Driver/Src/stm32wb0x_hal_uart.c:2972:19:HAL_MultiProcessor_DisableMuteMode	16	static,ignoring_inline_asm
../Drivers/STM32WB0x_HAL_Driver/Src/stm32wb0x_hal_uart.c:3531:19:UART_Start_Receive_IT	16	static,ignoring_inline_asm
../Drivers/STM32WB0x_HAL_Driver/Src/stm32wb0x_hal_uart.c:1422:19:HAL_UART_Receive_IT	16	static,ignoring_inline_asm
../Drivers/STM32WB0x_HAL_Driver/Src/stm32wb0x_hal_uart.c:3604:19:UART_Start_Receive_DMA	24	static,ignoring_inline_asm
../Drivers/STM32WB0x_HAL_Driver/Src/stm32wb0x_hal_uart.c:1566:19:HAL_UART_Receive_DMA	16	static,ignoring_inline_asm
