../Drivers/STM32WB0x_HAL_Driver/Src/stm32wb0x_hal_uart_ex.c:1071:13:UARTEx_SetNbDataToProcess	32	static
../Drivers/STM32WB0x_HAL_Driver/Src/stm32wb0x_hal_uart_ex.c:168:19:HAL_RS485Ex_Init	32	static
../Drivers/STM32WB0x_HAL_Driver/Src/stm32wb0x_hal_uart_ex.c:282:13:HAL_UARTEx_WakeupCallback	0	static
../Drivers/STM32WB0x_HAL_Driver/Src/stm32wb0x_hal_uart_ex.c:299:13:HAL_UARTEx_RxFifoFullCallback	0	static
../Drivers/STM32WB0x_HAL_Driver/Src/stm32wb0x_hal_uart_ex.c:314:13:HAL_UARTEx_TxFifoEmptyCallback	0	static
../Drivers/STM32WB0x_HAL_Driver/Src/stm32wb0x_hal_uart_ex.c:401:19:HAL_MultiProcessorEx_AddressLength_Set	16	static
../Drivers/STM32WB0x_HAL_Driver/Src/stm32wb0x_hal_uart_ex.c:440:19:HAL_UARTEx_StopModeWakeUpSourceConfig	40	static
../Drivers/STM32WB0x_HAL_Driver/Src/stm32wb0x_hal_uart_ex.c:497:19:HAL_UARTEx_EnableStopMode	8	static,ignoring_inline_asm
../Drivers/STM32WB0x_HAL_Driver/Src/stm32wb0x_hal_uart_ex.c:516:19:HAL_UARTEx_DisableStopMode	8	static,ignoring_inline_asm
../Drivers/STM32WB0x_HAL_Driver/Src/stm32wb0x_hal_uart_ex.c:536:19:HAL_UARTEx_EnableFifoMode	16	static
../Drivers/STM32WB0x_HAL_Driver/Src/stm32wb0x_hal_uart_ex.c:577:19:HAL_UARTEx_DisableFifoMode	16	static
../Drivers/STM32WB0x_HAL_Driver/Src/stm32wb0x_hal_uart_ex.c:623:19:HAL_UARTEx_SetTxFifoThreshold	24	static
../Drivers/STM32WB0x_HAL_Driver/Src/stm32wb0x_hal_uart_ex.c:672:19:HAL_UARTEx_SetRxFifoThreshold	24	static
../Drivers/STM32WB0x_HAL_Driver/Src/stm32wb0x_hal_uart_ex.c:734:19:HAL_UARTEx_ReceiveToIdle	40	static
../Drivers/STM32WB0x_HAL_Driver/Src/stm32wb0x_hal_uart_ex.c:873:19:HAL_UARTEx_ReceiveToIdle_IT	16	static,ignoring_inline_asm
../Drivers/STM32WB0x_HAL_Driver/Src/stm32wb0x_hal_uart_ex.c:947:19:HAL_UARTEx_ReceiveToIdle_DMA	16	static,ignoring_inline_asm
../Drivers/STM32WB0x_HAL_Driver/Src/stm32wb0x_hal_uart_ex.c:1027:29:HAL_UARTEx_GetRxEventType	0	static
