../Drivers/STM32WB0x_HAL_Driver/Src/stm32wb0x_hal_tim.c:6781:13:TIM_Base_SetConfig	8	static
../Drivers/STM32WB0x_HAL_Driver/Src/stm32wb0x_hal_tim.c:6829:13:TIM_OC1_SetConfig	16	static
../Drivers/STM32WB0x_HAL_Driver/Src/stm32wb0x_hal_tim.c:6905:13:TIM_OC2_SetConfig	12	static
../Drivers/STM32WB0x_HAL_Driver/Src/stm32wb0x_hal_tim.c:7240:26:TIM_SlaveTimer_SetConfig.constprop	16	static
../Drivers/STM32WB0x_HAL_Driver/Src/stm32wb0x_hal_tim.c:383:13:HAL_TIM_Base_MspInit	0	static
../Drivers/STM32WB0x_HAL_Driver/Src/stm32wb0x_hal_tim.c:276:19:HAL_TIM_Base_Init	16	static
../Drivers/STM32WB0x_HAL_Driver/Src/stm32wb0x_hal_tim.c:398:13:HAL_TIM_Base_MspDeInit	0	static
../Drivers/STM32WB0x_HAL_Driver/Src/stm32wb0x_hal_tim.c:338:19:HAL_TIM_Base_DeInit	16	static
../Drivers/STM32WB0x_HAL_Driver/Src/stm32wb0x_hal_tim.c:414:19:HAL_TIM_Base_Start	8	static
../Drivers/STM32WB0x_HAL_Driver/Src/stm32wb0x_hal_tim.c:453:19:HAL_TIM_Base_Stop	0	static
../Drivers/STM32WB0x_HAL_Driver/Src/stm32wb0x_hal_tim.c:473:19:HAL_TIM_Base_Start_IT	8	static
../Drivers/STM32WB0x_HAL_Driver/Src/stm32wb0x_hal_tim.c:515:19:HAL_TIM_Base_Stop_IT	8	static
../Drivers/STM32WB0x_HAL_Driver/Src/stm32wb0x_hal_tim.c:541:19:HAL_TIM_Base_Start_DMA	16	static
../Drivers/STM32WB0x_HAL_Driver/Src/stm32wb0x_hal_tim.c:610:19:HAL_TIM_Base_Stop_DMA	8	static
../Drivers/STM32WB0x_HAL_Driver/Src/stm32wb0x_hal_tim.c:773:13:HAL_TIM_OC_MspInit	0	static
../Drivers/STM32WB0x_HAL_Driver/Src/stm32wb0x_hal_tim.c:666:19:HAL_TIM_OC_Init	16	static
../Drivers/STM32WB0x_HAL_Driver/Src/stm32wb0x_hal_tim.c:788:13:HAL_TIM_OC_MspDeInit	0	static
../Drivers/STM32WB0x_HAL_Driver/Src/stm32wb0x_hal_tim.c:728:19:HAL_TIM_OC_DeInit	16	static
../Drivers/STM32WB0x_HAL_Driver/Src/stm32wb0x_hal_tim.c:1450:13:HAL_TIM_PWM_MspInit	0	static
../Drivers/STM32WB0x_HAL_Driver/Src/stm32wb0x_hal_tim.c:1343:19:HAL_TIM_PWM_Init	16	static
../Drivers/STM32WB0x_HAL_Driver/Src/stm32wb0x_hal_tim.c:1465:13:HAL_TIM_PWM_MspDeInit	0	static
../Drivers/STM32WB0x_HAL_Driver/Src/stm32wb0x_hal_tim.c:1405:19:HAL_TIM_PWM_DeInit	16	static
../Drivers/STM32WB0x_HAL_Driver/Src/stm32wb0x_hal_tim.c:2126:13:HAL_TIM_IC_MspInit	0	static
../Drivers/STM32WB0x_HAL_Driver/Src/stm32wb0x_hal_tim.c:2019:19:HAL_TIM_IC_Init	16	static
../Drivers/STM32WB0x_HAL_Driver/Src/stm32wb0x_hal_tim.c:2141:13:HAL_TIM_IC_MspDeInit	0	static
../Drivers/STM32WB0x_HAL_Driver/Src/stm32wb0x_hal_tim.c:2081:19:HAL_TIM_IC_DeInit	16	static
../Drivers/STM32WB0x_HAL_Driver/Src/stm32wb0x_hal_tim.c:2792:13:HAL_TIM_OnePulse_MspInit	0	static
../Drivers/STM32WB0x_HAL_Driver/Src/stm32wb0x_hal_tim.c:2674:19:HAL_TIM_OnePulse_Init	24	static
../Drivers/STM32WB0x_HAL_Driver/Src/stm32wb0x_hal_tim.c:2807:13:HAL_TIM_OnePulse_MspDeInit	0	static
../Drivers/STM32WB0x_HAL_Driver/Src/stm32wb0x_hal_tim.c:2745:19:HAL_TIM_OnePulse_DeInit	16	static
../Drivers/STM32WB0x_HAL_Driver/Src/stm32wb0x_hal_tim.c:2827:19:HAL_TIM_OnePulse_Start	16	static
../Drivers/STM32WB0x_HAL_Driver/Src/stm32wb0x_hal_tim.c:2884:19:HAL_TIM_OnePulse_Stop	8	static
../Drivers/STM32WB0x_HAL_Driver/Src/stm32wb0x_hal_tim.c:2927:19:HAL_TIM_OnePulse_Start_IT	16	static
../Drivers/STM32WB0x_HAL_Driver/Src/stm32wb0x_hal_tim.c:2990:19:HAL_TIM_OnePulse_Stop_IT	8	static
../Drivers/STM32WB0x_HAL_Driver/Src/stm32wb0x_hal_tim.c:3236:13:HAL_TIM_Encoder_MspInit	0	static
../Drivers/STM32WB0x_HAL_Driver/Src/stm32wb0x_hal_tim.c:3069:19:HAL_TIM_Encoder_Init	32	static
../Drivers/STM32WB0x_HAL_Driver/Src/stm32wb0x_hal_tim.c:3251:13:HAL_TIM_Encoder_MspDeInit	0	static
../Drivers/STM32WB0x_HAL_Driver/Src/stm32wb0x_hal_tim.c:3189:19:HAL_TIM_Encoder_DeInit	16	static
../Drivers/STM32WB0x_HAL_Driver/Src/stm32wb0x_hal_tim.c:3271:19:HAL_TIM_Encoder_Start	16	static
../Drivers/STM32WB0x_HAL_Driver/Src/stm32wb0x_hal_tim.c:3365:19:HAL_TIM_Encoder_Stop	8	static
../Drivers/STM32WB0x_HAL_Driver/Src/stm32wb0x_hal_tim.c:3425:19:HAL_TIM_Encoder_Start_IT	16	static
../Drivers/STM32WB0x_HAL_Driver/Src/stm32wb0x_hal_tim.c:3525:19:HAL_TIM_Encoder_Stop_IT	8	static
../Drivers/STM32WB0x_HAL_Driver/Src/stm32wb0x_hal_tim.c:3591:19:HAL_TIM_Encoder_Start_DMA	32	static
../Drivers/STM32WB0x_HAL_Driver/Src/stm32wb0x_hal_tim.c:3804:19:HAL_TIM_Encoder_Stop_DMA	16	static
../Drivers/STM32WB0x_HAL_Driver/Src/stm32wb0x_hal_tim.c:4118:19:HAL_TIM_OC_ConfigChannel	16	static
../Drivers/STM32WB0x_HAL_Driver/Src/stm32wb0x_hal_tim.c:4221:19:HAL_TIM_IC_ConfigChannel	32	static
../Drivers/STM32WB0x_HAL_Driver/Src/stm32wb0x_hal_tim.c:4323:19:HAL_TIM_PWM_ConfigChannel	24	static
../Drivers/STM32WB0x_HAL_Driver/Src/stm32wb0x_hal_tim.c:4475:19:HAL_TIM_OnePulse_ConfigChannel	64	static
../Drivers/STM32WB0x_HAL_Driver/Src/stm32wb0x_hal_tim.c:4676:19:HAL_TIM_DMABurst_MultiWriteStart	24	static
../Drivers/STM32WB0x_HAL_Driver/Src/stm32wb0x_hal_tim.c:4624:19:HAL_TIM_DMABurst_WriteStart	24	static
../Drivers/STM32WB0x_HAL_Driver/Src/stm32wb0x_hal_tim.c:4824:19:HAL_TIM_DMABurst_WriteStop	16	static
../Drivers/STM32WB0x_HAL_Driver/Src/stm32wb0x_hal_tim.c:4966:19:HAL_TIM_DMABurst_MultiReadStart	24	static
../Drivers/STM32WB0x_HAL_Driver/Src/stm32wb0x_hal_tim.c:4915:19:HAL_TIM_DMABurst_ReadStart	24	static
../Drivers/STM32WB0x_HAL_Driver/Src/stm32wb0x_hal_tim.c:5114:19:HAL_TIM_DMABurst_ReadStop	8	static
../Drivers/STM32WB0x_HAL_Driver/Src/stm32wb0x_hal_tim.c:5189:19:HAL_TIM_GenerateEvent	12	static
../Drivers/STM32WB0x_HAL_Driver/Src/stm32wb0x_hal_tim.c:5229:19:HAL_TIM_ConfigOCrefClear	32	static
../Drivers/STM32WB0x_HAL_Driver/Src/stm32wb0x_hal_tim.c:5394:19:HAL_TIM_ConfigClockSource	20	static
../Drivers/STM32WB0x_HAL_Driver/Src/stm32wb0x_hal_tim.c:5537:19:HAL_TIM_ConfigTI1Input	0	static
../Drivers/STM32WB0x_HAL_Driver/Src/stm32wb0x_hal_tim.c:5569:19:HAL_TIM_SlaveConfigSynchro	24	static
../Drivers/STM32WB0x_HAL_Driver/Src/stm32wb0x_hal_tim.c:5607:19:HAL_TIM_SlaveConfigSynchro_IT	24	static
../Drivers/STM32WB0x_HAL_Driver/Src/stm32wb0x_hal_tim.c:5648:10:HAL_TIM_ReadCapturedValue	0	static
../Drivers/STM32WB0x_HAL_Driver/Src/stm32wb0x_hal_tim.c:5732:13:HAL_TIM_PeriodElapsedCallback	0	static
../Drivers/STM32WB0x_HAL_Driver/Src/stm32wb0x_hal_tim.c:6742:13:TIM_DMAPeriodElapsedCplt	8	static
../Drivers/STM32WB0x_HAL_Driver/Src/stm32wb0x_hal_tim.c:5748:13:HAL_TIM_PeriodElapsedHalfCpltCallback	0	static
../Drivers/STM32WB0x_HAL_Driver/Src/stm32wb0x_hal_tim.c:6763:13:TIM_DMAPeriodElapsedHalfCplt	8	static
../Drivers/STM32WB0x_HAL_Driver/Src/stm32wb0x_hal_tim.c:5764:13:HAL_TIM_OC_DelayElapsedCallback	0	static
../Drivers/STM32WB0x_HAL_Driver/Src/stm32wb0x_hal_tim.c:5779:13:HAL_TIM_IC_CaptureCallback	0	static
../Drivers/STM32WB0x_HAL_Driver/Src/stm32wb0x_hal_tim.c:6640:6:TIM_DMACaptureCplt	8	static
../Drivers/STM32WB0x_HAL_Driver/Src/stm32wb0x_hal_tim.c:5795:13:HAL_TIM_IC_CaptureHalfCpltCallback	0	static
../Drivers/STM32WB0x_HAL_Driver/Src/stm32wb0x_hal_tim.c:6703:6:TIM_DMACaptureHalfCplt	8	static
../Drivers/STM32WB0x_HAL_Driver/Src/stm32wb0x_hal_tim.c:5811:13:HAL_TIM_PWM_PulseFinishedCallback	0	static
../Drivers/STM32WB0x_HAL_Driver/Src/stm32wb0x_hal_tim.c:6542:13:TIM_DMADelayPulseCplt	8	static
../Drivers/STM32WB0x_HAL_Driver/Src/stm32wb0x_hal_tim.c:5827:13:HAL_TIM_PWM_PulseFinishedHalfCpltCallback	0	static
../Drivers/STM32WB0x_HAL_Driver/Src/stm32wb0x_hal_tim.c:6601:6:TIM_DMADelayPulseHalfCplt	8	static
../Drivers/STM32WB0x_HAL_Driver/Src/stm32wb0x_hal_tim.c:5843:13:HAL_TIM_TriggerCallback	0	static
../Drivers/STM32WB0x_HAL_Driver/Src/stm32wb0x_hal_tim.c:3882:6:HAL_TIM_IRQHandler	16	static
../Drivers/STM32WB0x_HAL_Driver/Src/stm32wb0x_hal_tim.c:5859:13:HAL_TIM_ErrorCallback	0	static
../Drivers/STM32WB0x_HAL_Driver/Src/stm32wb0x_hal_tim.c:6499:6:TIM_DMAError	8	static
../Drivers/STM32WB0x_HAL_Driver/Src/stm32wb0x_hal_tim.c:6376:22:HAL_TIM_Base_GetState	0	static
../Drivers/STM32WB0x_HAL_Driver/Src/stm32wb0x_hal_tim.c:6386:22:HAL_TIM_OC_GetState	0	static
../Drivers/STM32WB0x_HAL_Driver/Src/stm32wb0x_hal_tim.c:6396:22:HAL_TIM_PWM_GetState	0	static
../Drivers/STM32WB0x_HAL_Driver/Src/stm32wb0x_hal_tim.c:6406:22:HAL_TIM_IC_GetState	0	static
../Drivers/STM32WB0x_HAL_Driver/Src/stm32wb0x_hal_tim.c:6416:22:HAL_TIM_OnePulse_GetState	0	static
../Drivers/STM32WB0x_HAL_Driver/Src/stm32wb0x_hal_tim.c:6426:22:HAL_TIM_Encoder_GetState	0	static
../Drivers/STM32WB0x_HAL_Driver/Src/stm32wb0x_hal_tim.c:6436:23:HAL_TIM_GetActiveChannel	0	static
../Drivers/STM32WB0x_HAL_Driver/Src/stm32wb0x_hal_tim.c:6454:29:HAL_TIM_GetChannelState	0	static
../Drivers/STM32WB0x_HAL_Driver/Src/stm32wb0x_hal_tim.c:6472:30:HAL_TIM_DMABurstState	0	static
../Drivers/STM32WB0x_HAL_Driver/Src/stm32wb0x_hal_tim.c:7691:6:TIM_CCxChannelCmd	8	static
../Drivers/STM32WB0x_HAL_Driver/Src/stm32wb0x_hal_tim.c:812:19:HAL_TIM_OC_Start	8	static
../Drivers/STM32WB0x_HAL_Driver/Src/stm32wb0x_hal_tim.c:1489:19:HAL_TIM_PWM_Start	8	static
../Drivers/STM32WB0x_HAL_Driver/Src/stm32wb0x_hal_tim.c:869:19:HAL_TIM_OC_Stop	16	static
../Drivers/STM32WB0x_HAL_Driver/Src/stm32wb0x_hal_tim.c:1546:19:HAL_TIM_PWM_Stop	8	static
../Drivers/STM32WB0x_HAL_Driver/Src/stm32wb0x_hal_tim.c:904:19:HAL_TIM_OC_Start_IT	8	static
../Drivers/STM32WB0x_HAL_Driver/Src/stm32wb0x_hal_tim.c:1581:19:HAL_TIM_PWM_Start_IT	8	static
../Drivers/STM32WB0x_HAL_Driver/Src/stm32wb0x_hal_tim.c:997:19:HAL_TIM_OC_Stop_IT	16	static
../Drivers/STM32WB0x_HAL_Driver/Src/stm32wb0x_hal_tim.c:1674:19:HAL_TIM_PWM_Stop_IT	8	static
../Drivers/STM32WB0x_HAL_Driver/Src/stm32wb0x_hal_tim.c:1075:19:HAL_TIM_OC_Start_DMA	16	static
../Drivers/STM32WB0x_HAL_Driver/Src/stm32wb0x_hal_tim.c:1752:19:HAL_TIM_PWM_Start_DMA	8	static
../Drivers/STM32WB0x_HAL_Driver/Src/stm32wb0x_hal_tim.c:1239:19:HAL_TIM_OC_Stop_DMA	16	static
../Drivers/STM32WB0x_HAL_Driver/Src/stm32wb0x_hal_tim.c:1915:19:HAL_TIM_PWM_Stop_DMA	8	static
../Drivers/STM32WB0x_HAL_Driver/Src/stm32wb0x_hal_tim.c:2162:19:HAL_TIM_IC_Start	16	static
../Drivers/STM32WB0x_HAL_Driver/Src/stm32wb0x_hal_tim.c:2214:19:HAL_TIM_IC_Stop	16	static
../Drivers/STM32WB0x_HAL_Driver/Src/stm32wb0x_hal_tim.c:2244:19:HAL_TIM_IC_Start_IT	8	static
../Drivers/STM32WB0x_HAL_Driver/Src/stm32wb0x_hal_tim.c:2336:19:HAL_TIM_IC_Stop_IT	16	static
../Drivers/STM32WB0x_HAL_Driver/Src/stm32wb0x_hal_tim.c:2409:19:HAL_TIM_IC_Start_DMA	32	static
../Drivers/STM32WB0x_HAL_Driver/Src/stm32wb0x_hal_tim.c:2568:19:HAL_TIM_IC_Stop_DMA	16	static
