../Core/Src/FLASH.c:37:9:FLASH_Init	16	static
../Core/Src/FLASH.c:78:9:FLASH_SetDCVol	48	static
../Core/Src/FLASH.c:99:9:FLASH_GetVolume	16	static
../Core/Src/FLASH.c:113:9:FLASH_GetDutyCycle	16	static
../Core/Src/FLASH.c:125:9:FLASH_AppendLogs	24	static
../Core/Src/FLASH.c:147:10:FLASH_GetLogsSize	8	static
../Core/Src/FLASH.c:158:15:FLASH_ReadLogs	40	static
../Core/Src/FLASH.c:180:9:FLASH_ClearLogs	40	static
../Core/Src/FLASH.c:199:9:FLASH_AppendSchedule	32	static
../Core/Src/FLASH.c:227:10:FLASH_GetScheduleSize	8	static
../Core/Src/FLASH.c:238:15:FLASH_ReadSchedule	48	static
../Core/Src/FLASH.c:262:9:FLASH_ClearSchedule	40	static
