../Core/Src/I2C.c:51:19:I2C_Post	32	static
../Core/Src/I2C.c:70:19:I2C_Enqueue	32	static
../Core/Src/I2C.c:103:6:HAL_I2C_MemTxCpltCallback	16	static
../Core/Src/I2C.c:122:6:HAL_I2C_MemRxCpltCallback	24	static
../Core/Src/I2C.c:144:6:HAL_I2C_ErrorCallback	32	static
../Core/Src/I2C.c:161:6:I2C1_IRQHandler	8	static
../Core/Src/I2C.c:181:5:I2C_Init	24	static
../Core/Src/I2C.c:231:19:I2C_Transmit	32	static
../Core/Src/I2C.c:243:6:I2C_Flushbuffer	8	static
../Core/Src/I2C.c:257:19:I2C_Recieve	32	static
../Core/Src/I2C.c:285:15:I2C_WriteReg	32	static
