../Core/Src/Oled.c:14:6:OledInit	8	static
../Core/Src/Oled.c:31:6:OledSetPixel	32	static
../Core/Src/Oled.c:52:5:OledGetPixel	24	static
../Core/Src/Oled.c:67:9:OledDrawChar	80	static
../Core/Src/Oled.c:111:6:OledDrawString	32	static
../Core/Src/Oled.c:156:6:OledClear	24	static
../Core/Src/Oled.c:168:6:OledSetDisplayInverted	8	static
../Core/Src/Oled.c:173:6:OledSetDisplayNormal	8	static
../Core/Src/Oled.c:178:6:OledOn	8	static
../Core/Src/Oled.c:183:6:OledOff	8	static
../Core/Src/Oled.c:188:6:OledUpdate	8	static
