../Core/Src/Scheduler.c:36:6:CompareTime	80	static
../Core/Src/Scheduler.c:170:9:Scheduler_GetMonth	8	static
../Core/Src/Scheduler.c:174:9:Scheduler_GetDay	8	static
../Core/Src/Scheduler.c:178:9:Scheduler_GetHour	8	static
../Core/Src/Scheduler.c:182:9:Scheduler_GetMinute	8	static
../Core/Src/Scheduler.c:194:9:Scheduler_Event_Init	32	static
../Core/Src/Scheduler.c:215:6:Scheduler_Event_Post	16	static
../Core/Src/Scheduler.c:226:9:Scheduler_Event_Updater	24	static
../Core/Src/Scheduler.c:244:9:Scheduler_Event_Handler	16	static
