../Drivers/STM32WB0x_HAL_Driver/Inc/stm32wb0x_ll_bus.h:229:22:LL_AHB1_GRP1_EnableClock	24	static
../Drivers/STM32WB0x_HAL_Driver/Inc/stm32wb0x_ll_bus.h:279:22:LL_AHB1_GRP1_DisableClock	16	static
../Drivers/STM32WB0x_HAL_Driver/Inc/stm32wb0x_ll_bus.h:358:22:LL_APB0_GRP1_EnableClock	24	static
../Drivers/STM32WB0x_HAL_Driver/Inc/stm32wb0x_ll_bus.h:414:22:LL_APB0_GRP1_DisableClock	16	static
../Drivers/STM32WB0x_HAL_Driver/Inc/stm32wb0x_ll_bus.h:504:22:LL_APB1_GRP1_EnableClock	24	static
../Drivers/STM32WB0x_HAL_Driver/Inc/stm32wb0x_ll_bus.h:566:22:LL_APB1_GRP1_DisableClock	16	static
../Drivers/STM32WB0x_HAL_Driver/Inc/stm32wb0x_ll_bus.h:642:22:LL_APB2_GRP1_EnableClock	24	static
../Drivers/STM32WB0x_HAL_Driver/Inc/stm32wb0x_ll_bus.h:659:26:LL_APB2_GRP1_IsEnabledClock	16	static
../Drivers/STM32WB0x_HAL_Driver/Inc/stm32wb0x_ll_bus.h:672:22:LL_APB2_GRP1_DisableClock	16	static
../Drivers/STM32WB0x_HAL_Driver/Inc/stm32wb0x_ll_bus.h:685:22:LL_APB2_GRP1_ForceReset	16	static
../Drivers/STM32WB0x_HAL_Driver/Inc/stm32wb0x_ll_bus.h:698:22:LL_APB2_GRP1_ReleaseReset	16	static
../Core/Src/stm32wb0x_hal_msp.c:63:6:HAL_MspInit	8	static
../Core/Src/stm32wb0x_hal_msp.c:85:6:HAL_I2C_MspInit	48	static
../Core/Src/stm32wb0x_hal_msp.c:140:6:HAL_I2C_MspDeInit	16	static
../Core/Src/stm32wb0x_hal_msp.c:171:6:HAL_UART_MspInit	72	static
../Core/Src/stm32wb0x_hal_msp.c:256:6:HAL_UART_MspDeInit	16	static
../Core/Src/stm32wb0x_hal_msp.c:292:6:HAL_PKA_MspInit	16	static
../Core/Src/stm32wb0x_hal_msp.c:315:6:HAL_PKA_MspDeInit	16	static
../Core/Src/stm32wb0x_hal_msp.c:337:6:HAL_RADIO_MspInit	48	static
../Core/Src/stm32wb0x_hal_msp.c:390:6:HAL_RADIO_MspDeInit	16	static
../Core/Src/stm32wb0x_hal_msp.c:418:6:HAL_RNG_MspInit	16	static
../Core/Src/stm32wb0x_hal_msp.c:441:6:HAL_RNG_MspDeInit	16	static
../Core/Src/stm32wb0x_hal_msp.c:463:6:HAL_TIM_Base_MspInit	16	static
../Core/Src/stm32wb0x_hal_msp.c:489:6:HAL_TIM_Base_MspDeInit	16	static
